<?xml version="1.0" encoding="ISO-8859-1" ?>
<link_info>
   <banner>TI ARM Linker PC v18.12.4.LTS</banner>
   <copyright>Copyright (c) 1996-2018 Texas Instruments Incorporated</copyright>
   <link_time>0x5e6168d2</link_time>
   <link_errors>0x0</link_errors>
   <output_file>Homework3_Starter.out</output_file>
   <entry_point>
      <name>_c_int00_noargs</name>
      <address>0x63d</address>
   </entry_point>
   <input_file_list>
      <input_file id="fl-2">
         <path>.\</path>
         <kind>object</kind>
         <file>homework3.obj</file>
         <name>homework3.obj</name>
      </input_file>
      <input_file id="fl-3">
         <path>.\</path>
         <kind>object</kind>
         <file>myGPIO.obj</file>
         <name>myGPIO.obj</name>
      </input_file>
      <input_file id="fl-4">
         <path>.\</path>
         <kind>object</kind>
         <file>myTimer.obj</file>
         <name>myTimer.obj</name>
      </input_file>
      <input_file id="fl-5">
         <path>.\</path>
         <kind>object</kind>
         <file>system_msp432p401r.obj</file>
         <name>system_msp432p401r.obj</name>
      </input_file>
      <input_file id="fl-6">
         <path>.\ccs\</path>
         <kind>object</kind>
         <file>startup_msp432p401r_ccs.obj</file>
         <name>startup_msp432p401r_ccs.obj</name>
      </input_file>
      <input_file id="fl-e">
         <kind>object</kind>
         <file>&lt;internal&gt;</file>
         <name>&lt;internal&gt;</name>
      </input_file>
      <input_file id="fl-f">
         <path>C:\ti\simplelink_msp432p4_sdk_3_40_01_02\source\ti\devices\msp432p4xx\driverlib\ccs\</path>
         <kind>archive</kind>
         <file>msp432p4xx_driverlib.lib</file>
         <name>gpio.o</name>
      </input_file>
      <input_file id="fl-10">
         <path>C:\ti\simplelink_msp432p4_sdk_3_40_01_02\source\ti\devices\msp432p4xx\driverlib\ccs\</path>
         <kind>archive</kind>
         <file>msp432p4xx_driverlib.lib</file>
         <name>interrupt.o</name>
      </input_file>
      <input_file id="fl-11">
         <path>C:\ti\simplelink_msp432p4_sdk_3_40_01_02\source\ti\devices\msp432p4xx\driverlib\ccs\</path>
         <kind>archive</kind>
         <file>msp432p4xx_driverlib.lib</file>
         <name>timer32.o</name>
      </input_file>
      <input_file id="fl-12">
         <path>C:\ti\simplelink_msp432p4_sdk_3_40_01_02\source\ti\devices\msp432p4xx\driverlib\ccs\</path>
         <kind>archive</kind>
         <file>msp432p4xx_driverlib.lib</file>
         <name>wdt_a.o</name>
      </input_file>
      <input_file id="fl-13">
         <path>C:\ti\simplelink_msp432p4_sdk_3_40_01_02\source\ti\devices\msp432p4xx\driverlib\ccs\</path>
         <kind>archive</kind>
         <file>msp432p4xx_driverlib.lib</file>
         <name>cpu.o</name>
      </input_file>
      <input_file id="fl-14">
         <path>C:\ti\simplelink_msp432p4_sdk_3_40_01_02\source\ti\devices\msp432p4xx\driverlib\ccs\</path>
         <kind>archive</kind>
         <file>msp432p4xx_driverlib.lib</file>
         <name>sysctl_a.o</name>
      </input_file>
      <input_file id="fl-ca">
         <path>C:\ti\ccs930\ccs\tools\compiler\ti-cgt-arm_18.12.4.LTS\lib\</path>
         <kind>archive</kind>
         <file>rtsv7M4_T_le_v4SPD16_eabi.lib</file>
         <name>copy_zero_init.c.obj</name>
      </input_file>
      <input_file id="fl-cb">
         <path>C:\ti\ccs930\ccs\tools\compiler\ti-cgt-arm_18.12.4.LTS\lib\</path>
         <kind>archive</kind>
         <file>rtsv7M4_T_le_v4SPD16_eabi.lib</file>
         <name>copy_decompress_none.c.obj</name>
      </input_file>
      <input_file id="fl-cc">
         <path>C:\ti\ccs930\ccs\tools\compiler\ti-cgt-arm_18.12.4.LTS\lib\</path>
         <kind>archive</kind>
         <file>rtsv7M4_T_le_v4SPD16_eabi.lib</file>
         <name>copy_decompress_lzss.c.obj</name>
      </input_file>
      <input_file id="fl-cd">
         <path>C:\ti\ccs930\ccs\tools\compiler\ti-cgt-arm_18.12.4.LTS\lib\</path>
         <kind>archive</kind>
         <file>rtsv7M4_T_le_v4SPD16_eabi.lib</file>
         <name>boot_cortex_m.c.obj</name>
      </input_file>
      <input_file id="fl-ce">
         <path>C:\ti\ccs930\ccs\tools\compiler\ti-cgt-arm_18.12.4.LTS\lib\</path>
         <kind>archive</kind>
         <file>rtsv7M4_T_le_v4SPD16_eabi.lib</file>
         <name>memcpy_t2.asm.obj</name>
      </input_file>
      <input_file id="fl-cf">
         <path>C:\ti\ccs930\ccs\tools\compiler\ti-cgt-arm_18.12.4.LTS\lib\</path>
         <kind>archive</kind>
         <file>rtsv7M4_T_le_v4SPD16_eabi.lib</file>
         <name>memset_t2.asm.obj</name>
      </input_file>
      <input_file id="fl-d0">
         <path>C:\ti\ccs930\ccs\tools\compiler\ti-cgt-arm_18.12.4.LTS\lib\</path>
         <kind>archive</kind>
         <file>rtsv7M4_T_le_v4SPD16_eabi.lib</file>
         <name>autoinit.c.obj</name>
      </input_file>
      <input_file id="fl-d1">
         <path>C:\ti\ccs930\ccs\tools\compiler\ti-cgt-arm_18.12.4.LTS\lib\</path>
         <kind>archive</kind>
         <file>rtsv7M4_T_le_v4SPD16_eabi.lib</file>
         <name>pre_init.c.obj</name>
      </input_file>
      <input_file id="fl-d2">
         <path>C:\ti\ccs930\ccs\tools\compiler\ti-cgt-arm_18.12.4.LTS\lib\</path>
         <kind>archive</kind>
         <file>rtsv7M4_T_le_v4SPD16_eabi.lib</file>
         <name>cpy_tbl.c.obj</name>
      </input_file>
      <input_file id="fl-d3">
         <path>C:\ti\ccs930\ccs\tools\compiler\ti-cgt-arm_18.12.4.LTS\lib\</path>
         <kind>archive</kind>
         <file>rtsv7M4_T_le_v4SPD16_eabi.lib</file>
         <name>exit.c.obj</name>
      </input_file>
      <input_file id="fl-d4">
         <path>C:\ti\ccs930\ccs\tools\compiler\ti-cgt-arm_18.12.4.LTS\lib\</path>
         <kind>archive</kind>
         <file>rtsv7M4_T_le_v4SPD16_eabi.lib</file>
         <name>_lock.c.obj</name>
      </input_file>
      <input_file id="fl-d5">
         <path>C:\ti\ccs930\ccs\tools\compiler\ti-cgt-arm_18.12.4.LTS\lib\</path>
         <kind>archive</kind>
         <file>rtsv7M4_T_le_v4SPD16_eabi.lib</file>
         <name>args_main.c.obj</name>
      </input_file>
   </input_file_list>
   <object_component_list>
      <object_component id="oc-23">
         <name>.intvecs:retain</name>
         <load_address>0x0</load_address>
         <run_address>0x0</run_address>
         <size>0xe4</size>
         <input_file_ref idref="fl-6"/>
      </object_component>
      <object_component id="oc-34">
         <name>.text</name>
         <load_address>0xe4</load_address>
         <run_address>0xe4</run_address>
         <size>0x9c</size>
         <input_file_ref idref="fl-ce"/>
      </object_component>
      <object_component id="oc-96">
         <name>.text:main</name>
         <load_address>0x180</load_address>
         <run_address>0x180</run_address>
         <size>0x8c</size>
         <input_file_ref idref="fl-2"/>
      </object_component>
      <object_component id="oc-a8">
         <name>.text:SystemInit</name>
         <load_address>0x20c</load_address>
         <run_address>0x20c</run_address>
         <size>0x78</size>
         <input_file_ref idref="fl-5"/>
      </object_component>
      <object_component id="oc-cd">
         <name>.text:initGPIO</name>
         <load_address>0x284</load_address>
         <run_address>0x284</run_address>
         <size>0x78</size>
         <input_file_ref idref="fl-3"/>
      </object_component>
      <object_component id="oc-186">
         <name>.text:Timer32_initModule</name>
         <load_address>0x2fc</load_address>
         <run_address>0x2fc</run_address>
         <size>0x68</size>
         <input_file_ref idref="fl-11"/>
      </object_component>
      <object_component id="oc-14">
         <name>.text:decompress:lzss:__TI_decompress_lzss</name>
         <load_address>0x364</load_address>
         <run_address>0x364</run_address>
         <size>0x68</size>
         <input_file_ref idref="fl-cc"/>
      </object_component>
      <object_component id="oc-14f">
         <name>.text:GPIO_setAsInputPinWithPullUpResistor</name>
         <load_address>0x3cc</load_address>
         <run_address>0x3cc</run_address>
         <size>0x58</size>
         <input_file_ref idref="fl-f"/>
      </object_component>
      <object_component id="oc-f7">
         <name>.text:fsmBoosterpackButtonS1</name>
         <load_address>0x424</load_address>
         <run_address>0x424</run_address>
         <size>0x4c</size>
         <input_file_ref idref="fl-2"/>
      </object_component>
      <object_component id="oc-10f">
         <name>.text:__TI_auto_init_nobinit_nopinit:__TI_auto_init_nobinit_nopinit</name>
         <load_address>0x470</load_address>
         <run_address>0x470</run_address>
         <size>0x44</size>
         <input_file_ref idref="fl-d0"/>
      </object_component>
      <object_component id="oc-155">
         <name>.text:GPIO_setAsOutputPin</name>
         <load_address>0x4b4</load_address>
         <run_address>0x4b4</run_address>
         <size>0x40</size>
         <input_file_ref idref="fl-f"/>
      </object_component>
      <object_component id="oc-192">
         <name>.text:Timer32_startTimer</name>
         <load_address>0x4f4</load_address>
         <run_address>0x4f4</run_address>
         <size>0x38</size>
         <input_file_ref idref="fl-11"/>
      </object_component>
      <object_component id="oc-e5">
         <name>.text:timer0Expired</name>
         <load_address>0x52c</load_address>
         <run_address>0x52c</run_address>
         <size>0x38</size>
         <input_file_ref idref="fl-4"/>
      </object_component>
      <object_component id="oc-eb">
         <name>.text:timer1Expired</name>
         <load_address>0x564</load_address>
         <run_address>0x564</run_address>
         <size>0x38</size>
         <input_file_ref idref="fl-4"/>
      </object_component>
      <object_component id="oc-df">
         <name>.text:changeBoosterpackLED</name>
         <load_address>0x59c</load_address>
         <run_address>0x59c</run_address>
         <size>0x36</size>
         <input_file_ref idref="fl-2"/>
      </object_component>
      <object_component id="oc-d9">
         <name>.text:changeLaunchpadLED2</name>
         <load_address>0x5d2</load_address>
         <run_address>0x5d2</run_address>
         <size>0x36</size>
         <input_file_ref idref="fl-2"/>
      </object_component>
      <object_component id="oc-18c">
         <name>.text:Timer32_setCount</name>
         <load_address>0x608</load_address>
         <run_address>0x608</run_address>
         <size>0x34</size>
         <input_file_ref idref="fl-11"/>
      </object_component>
      <object_component id="oc-52">
         <name>.text:_c_int00_noargs:_c_int00_noargs</name>
         <load_address>0x63c</load_address>
         <run_address>0x63c</run_address>
         <size>0x34</size>
         <input_file_ref idref="fl-cd"/>
      </object_component>
      <object_component id="oc-1c8">
         <name>.text:GPIO_getInputPinValue</name>
         <load_address>0x670</load_address>
         <run_address>0x670</run_address>
         <size>0x30</size>
         <input_file_ref idref="fl-f"/>
      </object_component>
      <object_component id="oc-222">
         <name>.text:GPIO_setOutputHighOnPin</name>
         <load_address>0x6a0</load_address>
         <run_address>0x6a0</run_address>
         <size>0x28</size>
         <input_file_ref idref="fl-f"/>
      </object_component>
      <object_component id="oc-212">
         <name>.text:GPIO_setOutputLowOnPin</name>
         <load_address>0x6c8</load_address>
         <run_address>0x6c8</run_address>
         <size>0x28</size>
         <input_file_ref idref="fl-f"/>
      </object_component>
      <object_component id="oc-d3">
         <name>.text:initTimer</name>
         <load_address>0x6f0</load_address>
         <run_address>0x6f0</run_address>
         <size>0x26</size>
         <input_file_ref idref="fl-4"/>
      </object_component>
      <object_component id="oc-6a">
         <name>.text:Default_Handler</name>
         <load_address>0x716</load_address>
         <run_address>0x716</run_address>
         <size>0x2</size>
         <input_file_ref idref="fl-6"/>
      </object_component>
      <object_component id="oc-148">
         <name>.text:WDT_A_holdTimer</name>
         <load_address>0x718</load_address>
         <run_address>0x718</run_address>
         <size>0x24</size>
         <input_file_ref idref="fl-12"/>
      </object_component>
      <object_component id="oc-1bf">
         <name>.text:Timer32_getValue</name>
         <load_address>0x73c</load_address>
         <run_address>0x73c</run_address>
         <size>0xe</size>
         <input_file_ref idref="fl-11"/>
      </object_component>
      <object_component id="oc-1a">
         <name>.text:decompress:none:__TI_decompress_none</name>
         <load_address>0x74a</load_address>
         <run_address>0x74a</run_address>
         <size>0xe</size>
         <input_file_ref idref="fl-cb"/>
      </object_component>
      <object_component id="oc-64">
         <name>.text:Reset_Handler</name>
         <load_address>0x758</load_address>
         <run_address>0x758</run_address>
         <size>0xc</size>
         <input_file_ref idref="fl-6"/>
      </object_component>
      <object_component id="oc-f1">
         <name>.text:checkStatus_BoosterpackS1</name>
         <load_address>0x764</load_address>
         <run_address>0x764</run_address>
         <size>0xc</size>
         <input_file_ref idref="fl-3"/>
      </object_component>
      <object_component id="oc-17f">
         <name>.text:turnOff_BoosterpackLEDBlue</name>
         <load_address>0x770</load_address>
         <run_address>0x770</run_address>
         <size>0xc</size>
         <input_file_ref idref="fl-3"/>
      </object_component>
      <object_component id="oc-179">
         <name>.text:turnOff_BoosterpackLEDGreen</name>
         <load_address>0x77c</load_address>
         <run_address>0x77c</run_address>
         <size>0xc</size>
         <input_file_ref idref="fl-3"/>
      </object_component>
      <object_component id="oc-173">
         <name>.text:turnOff_BoosterpackLEDRed</name>
         <load_address>0x788</load_address>
         <run_address>0x788</run_address>
         <size>0xc</size>
         <input_file_ref idref="fl-3"/>
      </object_component>
      <object_component id="oc-15b">
         <name>.text:turnOff_LaunchpadLED1</name>
         <load_address>0x794</load_address>
         <run_address>0x794</run_address>
         <size>0xc</size>
         <input_file_ref idref="fl-3"/>
      </object_component>
      <object_component id="oc-16d">
         <name>.text:turnOff_LaunchpadLED2Blue</name>
         <load_address>0x7a0</load_address>
         <run_address>0x7a0</run_address>
         <size>0xc</size>
         <input_file_ref idref="fl-3"/>
      </object_component>
      <object_component id="oc-167">
         <name>.text:turnOff_LaunchpadLED2Green</name>
         <load_address>0x7ac</load_address>
         <run_address>0x7ac</run_address>
         <size>0xc</size>
         <input_file_ref idref="fl-3"/>
      </object_component>
      <object_component id="oc-161">
         <name>.text:turnOff_LaunchpadLED2Red</name>
         <load_address>0x7b8</load_address>
         <run_address>0x7b8</run_address>
         <size>0xc</size>
         <input_file_ref idref="fl-3"/>
      </object_component>
      <object_component id="oc-1b8">
         <name>.text:turnOn_BoosterpackLEDBlue</name>
         <load_address>0x7c4</load_address>
         <run_address>0x7c4</run_address>
         <size>0xc</size>
         <input_file_ref idref="fl-3"/>
      </object_component>
      <object_component id="oc-1b2">
         <name>.text:turnOn_BoosterpackLEDGreen</name>
         <load_address>0x7d0</load_address>
         <run_address>0x7d0</run_address>
         <size>0xc</size>
         <input_file_ref idref="fl-3"/>
      </object_component>
      <object_component id="oc-1ac">
         <name>.text:turnOn_BoosterpackLEDRed</name>
         <load_address>0x7dc</load_address>
         <run_address>0x7dc</run_address>
         <size>0xc</size>
         <input_file_ref idref="fl-3"/>
      </object_component>
      <object_component id="oc-1a5">
         <name>.text:turnOn_LaunchpadLED2Blue</name>
         <load_address>0x7e8</load_address>
         <run_address>0x7e8</run_address>
         <size>0xc</size>
         <input_file_ref idref="fl-3"/>
      </object_component>
      <object_component id="oc-19f">
         <name>.text:turnOn_LaunchpadLED2Green</name>
         <load_address>0x7f4</load_address>
         <run_address>0x7f4</run_address>
         <size>0xc</size>
         <input_file_ref idref="fl-3"/>
      </object_component>
      <object_component id="oc-199">
         <name>.text:turnOn_LaunchpadLED2Red</name>
         <load_address>0x800</load_address>
         <run_address>0x800</run_address>
         <size>0xc</size>
         <input_file_ref idref="fl-3"/>
      </object_component>
      <object_component id="oc-c7">
         <name>.text:initBoard</name>
         <load_address>0x80c</load_address>
         <run_address>0x80c</run_address>
         <size>0x8</size>
         <input_file_ref idref="fl-2"/>
      </object_component>
      <object_component id="oc-90">
         <name>.text:_system_pre_init</name>
         <load_address>0x814</load_address>
         <run_address>0x814</run_address>
         <size>0x4</size>
         <input_file_ref idref="fl-d1"/>
      </object_component>
      <object_component id="oc-103">
         <name>.text:abort:abort</name>
         <load_address>0x818</load_address>
         <run_address>0x818</run_address>
         <size>0x4</size>
         <input_file_ref idref="fl-d3"/>
      </object_component>
      <object_component id="oc-208">
         <name>.const:GPIO_PORT_TO_BASE</name>
         <load_address>0x81c</load_address>
         <run_address>0x81c</run_address>
         <size>0x30</size>
         <input_file_ref idref="fl-f"/>
      </object_component>
      <object_component id="oc-29b">
         <name>.cinit..data.load</name>
         <load_address>0x850</load_address>
         <run_address>0x850</run_address>
         <size>0x8</size>
      </object_component>
      <object_component id="oc-299">
         <name>__TI_handler_table</name>
         <load_address>0x858</load_address>
         <run_address>0x858</run_address>
         <size>0x8</size>
      </object_component>
      <object_component id="oc-29a">
         <name>__TI_cinit_table</name>
         <load_address>0x860</load_address>
         <run_address>0x860</run_address>
         <size>0x8</size>
      </object_component>
      <object_component id="oc-26e">
         <name>.binit</name>
         <load_address>0x0</load_address>
         <run_address>0x0</run_address>
         <size>0x0</size>
      </object_component>
      <object_component id="oc-1cf">
         <name>.data</name>
         <load_address>0x20000008</load_address>
         <run_address>0x20000008</run_address>
         <size>0x1</size>
         <input_file_ref idref="fl-2"/>
      </object_component>
      <object_component id="oc-1c5">
         <name>.data</name>
         <load_address>0x20000000</load_address>
         <run_address>0x20000000</run_address>
         <size>0x8</size>
         <input_file_ref idref="fl-4"/>
      </object_component>
      <object_component id="oc-26">
         <name>.stack</name>
         <uninitialized>true</uninitialized>
         <run_address>0x2000fe00</run_address>
         <size>0x4</size>
         <input_file_ref idref="fl-cd"/>
      </object_component>
      <object_component id="oc-29c">
         <name>.stack</name>
         <uninitialized>true</uninitialized>
         <run_address>0x2000fe00</run_address>
         <size>0x0</size>
      </object_component>
      <object_component id="oc-147">
         <name>.debug_info</name>
         <load_address>0x0</load_address>
         <run_address>0x0</run_address>
         <size>0x934</size>
         <input_file_ref idref="fl-2"/>
      </object_component>
      <object_component id="oc-97">
         <name>.debug_info</name>
         <load_address>0x934</load_address>
         <run_address>0x934</run_address>
         <size>0x29d</size>
         <input_file_ref idref="fl-2"/>
      </object_component>
      <object_component id="oc-c8">
         <name>.debug_info</name>
         <load_address>0xbd1</load_address>
         <run_address>0xbd1</run_address>
         <size>0x170</size>
         <input_file_ref idref="fl-2"/>
      </object_component>
      <object_component id="oc-da">
         <name>.debug_info</name>
         <load_address>0xd41</load_address>
         <run_address>0xd41</run_address>
         <size>0x252</size>
         <input_file_ref idref="fl-2"/>
      </object_component>
      <object_component id="oc-e0">
         <name>.debug_info</name>
         <load_address>0xf93</load_address>
         <run_address>0xf93</run_address>
         <size>0x25a</size>
         <input_file_ref idref="fl-2"/>
      </object_component>
      <object_component id="oc-f8">
         <name>.debug_info</name>
         <load_address>0x11ed</load_address>
         <run_address>0x11ed</run_address>
         <size>0x1fe</size>
         <input_file_ref idref="fl-2"/>
      </object_component>
      <object_component id="oc-1d1">
         <name>.debug_info</name>
         <load_address>0x13eb</load_address>
         <run_address>0x13eb</run_address>
         <size>0x48</size>
         <input_file_ref idref="fl-2"/>
      </object_component>
      <object_component id="oc-b2">
         <name>.debug_info</name>
         <load_address>0x1433</load_address>
         <run_address>0x1433</run_address>
         <size>0x26b</size>
         <input_file_ref idref="fl-2"/>
      </object_component>
      <object_component id="oc-1fd">
         <name>.debug_info</name>
         <load_address>0x169e</load_address>
         <run_address>0x169e</run_address>
         <size>0x1028</size>
         <input_file_ref idref="fl-2"/>
      </object_component>
      <object_component id="oc-1f8">
         <name>.debug_info</name>
         <load_address>0x26c6</load_address>
         <run_address>0x26c6</run_address>
         <size>0x37e2</size>
         <input_file_ref idref="fl-2"/>
      </object_component>
      <object_component id="oc-fe">
         <name>.debug_info</name>
         <load_address>0x5ea8</load_address>
         <run_address>0x5ea8</run_address>
         <size>0x8b</size>
         <input_file_ref idref="fl-2"/>
      </object_component>
      <object_component id="oc-142">
         <name>.debug_info</name>
         <load_address>0x5f33</load_address>
         <run_address>0x5f33</run_address>
         <size>0x297</size>
         <input_file_ref idref="fl-2"/>
      </object_component>
      <object_component id="oc-20c">
         <name>.debug_info</name>
         <load_address>0x61ca</load_address>
         <run_address>0x61ca</run_address>
         <size>0xef</size>
         <input_file_ref idref="fl-2"/>
      </object_component>
      <object_component id="oc-202">
         <name>.debug_info</name>
         <load_address>0x62b9</load_address>
         <run_address>0x62b9</run_address>
         <size>0xbb</size>
         <input_file_ref idref="fl-2"/>
      </object_component>
      <object_component id="oc-ce">
         <name>.debug_info</name>
         <load_address>0x6374</load_address>
         <run_address>0x6374</run_address>
         <size>0x390</size>
         <input_file_ref idref="fl-3"/>
      </object_component>
      <object_component id="oc-f2">
         <name>.debug_info</name>
         <load_address>0x6704</load_address>
         <run_address>0x6704</run_address>
         <size>0x191</size>
         <input_file_ref idref="fl-3"/>
      </object_component>
      <object_component id="oc-15c">
         <name>.debug_info</name>
         <load_address>0x6895</load_address>
         <run_address>0x6895</run_address>
         <size>0x186</size>
         <input_file_ref idref="fl-3"/>
      </object_component>
      <object_component id="oc-19a">
         <name>.debug_info</name>
         <load_address>0x6a1b</load_address>
         <run_address>0x6a1b</run_address>
         <size>0x18b</size>
         <input_file_ref idref="fl-3"/>
      </object_component>
      <object_component id="oc-162">
         <name>.debug_info</name>
         <load_address>0x6ba6</load_address>
         <run_address>0x6ba6</run_address>
         <size>0x18c</size>
         <input_file_ref idref="fl-3"/>
      </object_component>
      <object_component id="oc-1a0">
         <name>.debug_info</name>
         <load_address>0x6d32</load_address>
         <run_address>0x6d32</run_address>
         <size>0x18f</size>
         <input_file_ref idref="fl-3"/>
      </object_component>
      <object_component id="oc-168">
         <name>.debug_info</name>
         <load_address>0x6ec1</load_address>
         <run_address>0x6ec1</run_address>
         <size>0x190</size>
         <input_file_ref idref="fl-3"/>
      </object_component>
      <object_component id="oc-1a6">
         <name>.debug_info</name>
         <load_address>0x7051</load_address>
         <run_address>0x7051</run_address>
         <size>0x18d</size>
         <input_file_ref idref="fl-3"/>
      </object_component>
      <object_component id="oc-16e">
         <name>.debug_info</name>
         <load_address>0x71de</load_address>
         <run_address>0x71de</run_address>
         <size>0x18e</size>
         <input_file_ref idref="fl-3"/>
      </object_component>
      <object_component id="oc-1ad">
         <name>.debug_info</name>
         <load_address>0x736c</load_address>
         <run_address>0x736c</run_address>
         <size>0x18d</size>
         <input_file_ref idref="fl-3"/>
      </object_component>
      <object_component id="oc-174">
         <name>.debug_info</name>
         <load_address>0x74f9</load_address>
         <run_address>0x74f9</run_address>
         <size>0x18e</size>
         <input_file_ref idref="fl-3"/>
      </object_component>
      <object_component id="oc-1b3">
         <name>.debug_info</name>
         <load_address>0x7687</load_address>
         <run_address>0x7687</run_address>
         <size>0x191</size>
         <input_file_ref idref="fl-3"/>
      </object_component>
      <object_component id="oc-17a">
         <name>.debug_info</name>
         <load_address>0x7818</load_address>
         <run_address>0x7818</run_address>
         <size>0x192</size>
         <input_file_ref idref="fl-3"/>
      </object_component>
      <object_component id="oc-1b9">
         <name>.debug_info</name>
         <load_address>0x79aa</load_address>
         <run_address>0x79aa</run_address>
         <size>0x18f</size>
         <input_file_ref idref="fl-3"/>
      </object_component>
      <object_component id="oc-180">
         <name>.debug_info</name>
         <load_address>0x7b39</load_address>
         <run_address>0x7b39</run_address>
         <size>0x190</size>
         <input_file_ref idref="fl-3"/>
      </object_component>
      <object_component id="oc-2f">
         <name>.debug_info</name>
         <load_address>0x7cc9</load_address>
         <run_address>0x7cc9</run_address>
         <size>0x84</size>
         <input_file_ref idref="fl-3"/>
      </object_component>
      <object_component id="oc-d4">
         <name>.debug_info</name>
         <load_address>0x7d4d</load_address>
         <run_address>0x7d4d</run_address>
         <size>0x222</size>
         <input_file_ref idref="fl-4"/>
      </object_component>
      <object_component id="oc-e7">
         <name>.debug_info</name>
         <load_address>0x7f6f</load_address>
         <run_address>0x7f6f</run_address>
         <size>0x1de</size>
         <input_file_ref idref="fl-4"/>
      </object_component>
      <object_component id="oc-ec">
         <name>.debug_info</name>
         <load_address>0x814d</load_address>
         <run_address>0x814d</run_address>
         <size>0x1de</size>
         <input_file_ref idref="fl-4"/>
      </object_component>
      <object_component id="oc-ac">
         <name>.debug_info</name>
         <load_address>0x832b</load_address>
         <run_address>0x832b</run_address>
         <size>0x17a</size>
         <input_file_ref idref="fl-5"/>
      </object_component>
      <object_component id="oc-72">
         <name>.debug_info</name>
         <load_address>0x84a5</load_address>
         <run_address>0x84a5</run_address>
         <size>0x31a</size>
         <input_file_ref idref="fl-6"/>
      </object_component>
      <object_component id="oc-24">
         <name>.debug_info</name>
         <load_address>0x87bf</load_address>
         <run_address>0x87bf</run_address>
         <size>0x146</size>
         <input_file_ref idref="fl-6"/>
      </object_component>
      <object_component id="oc-65">
         <name>.debug_info</name>
         <load_address>0x8905</load_address>
         <run_address>0x8905</run_address>
         <size>0x1a9</size>
         <input_file_ref idref="fl-6"/>
      </object_component>
      <object_component id="oc-6b">
         <name>.debug_info</name>
         <load_address>0x8aae</load_address>
         <run_address>0x8aae</run_address>
         <size>0x191</size>
         <input_file_ref idref="fl-6"/>
      </object_component>
      <object_component id="oc-253">
         <name>.debug_info</name>
         <load_address>0x8c3f</load_address>
         <run_address>0x8c3f</run_address>
         <size>0x701</size>
         <input_file_ref idref="fl-f"/>
      </object_component>
      <object_component id="oc-209">
         <name>.debug_info</name>
         <load_address>0x9340</load_address>
         <run_address>0x9340</run_address>
         <size>0x135</size>
         <input_file_ref idref="fl-f"/>
      </object_component>
      <object_component id="oc-159">
         <name>.debug_info</name>
         <load_address>0x9475</load_address>
         <run_address>0x9475</run_address>
         <size>0x252</size>
         <input_file_ref idref="fl-f"/>
      </object_component>
      <object_component id="oc-226">
         <name>.debug_info</name>
         <load_address>0x96c7</load_address>
         <run_address>0x96c7</run_address>
         <size>0x25a</size>
         <input_file_ref idref="fl-f"/>
      </object_component>
      <object_component id="oc-215">
         <name>.debug_info</name>
         <load_address>0x9921</load_address>
         <run_address>0x9921</run_address>
         <size>0x258</size>
         <input_file_ref idref="fl-f"/>
      </object_component>
      <object_component id="oc-152">
         <name>.debug_info</name>
         <load_address>0x9b79</load_address>
         <run_address>0x9b79</run_address>
         <size>0x274</size>
         <input_file_ref idref="fl-f"/>
      </object_component>
      <object_component id="oc-1cb">
         <name>.debug_info</name>
         <load_address>0x9ded</load_address>
         <run_address>0x9ded</run_address>
         <size>0x27e</size>
         <input_file_ref idref="fl-f"/>
      </object_component>
      <object_component id="oc-267">
         <name>.debug_info</name>
         <load_address>0xa06b</load_address>
         <run_address>0xa06b</run_address>
         <size>0x431a</size>
         <input_file_ref idref="fl-f"/>
      </object_component>
      <object_component id="oc-187">
         <name>.debug_info</name>
         <load_address>0xe385</load_address>
         <run_address>0xe385</run_address>
         <size>0x26f</size>
         <input_file_ref idref="fl-11"/>
      </object_component>
      <object_component id="oc-18d">
         <name>.debug_info</name>
         <load_address>0xe5f4</load_address>
         <run_address>0xe5f4</run_address>
         <size>0x1fd</size>
         <input_file_ref idref="fl-11"/>
      </object_component>
      <object_component id="oc-1c1">
         <name>.debug_info</name>
         <load_address>0xe7f1</load_address>
         <run_address>0xe7f1</run_address>
         <size>0x1da</size>
         <input_file_ref idref="fl-11"/>
      </object_component>
      <object_component id="oc-194">
         <name>.debug_info</name>
         <load_address>0xe9cb</load_address>
         <run_address>0xe9cb</run_address>
         <size>0x209</size>
         <input_file_ref idref="fl-11"/>
      </object_component>
      <object_component id="oc-14b">
         <name>.debug_info</name>
         <load_address>0xebd4</load_address>
         <run_address>0xebd4</run_address>
         <size>0x1c9</size>
         <input_file_ref idref="fl-12"/>
      </object_component>
      <object_component id="oc-3f">
         <name>.debug_info</name>
         <load_address>0xed9d</load_address>
         <run_address>0xed9d</run_address>
         <size>0x2a7</size>
         <input_file_ref idref="fl-cb"/>
      </object_component>
      <object_component id="oc-1e">
         <name>.debug_info</name>
         <load_address>0xf044</load_address>
         <run_address>0xf044</run_address>
         <size>0x1e9</size>
         <input_file_ref idref="fl-cb"/>
      </object_component>
      <object_component id="oc-3a">
         <name>.debug_info</name>
         <load_address>0xf22d</load_address>
         <run_address>0xf22d</run_address>
         <size>0x46</size>
         <input_file_ref idref="fl-cb"/>
      </object_component>
      <object_component id="oc-7c">
         <name>.debug_info</name>
         <load_address>0xf273</load_address>
         <run_address>0xf273</run_address>
         <size>0x2c</size>
         <input_file_ref idref="fl-cb"/>
      </object_component>
      <object_component id="oc-7a">
         <name>.debug_info</name>
         <load_address>0xf29f</load_address>
         <run_address>0xf29f</run_address>
         <size>0x29d</size>
         <input_file_ref idref="fl-cc"/>
      </object_component>
      <object_component id="oc-15">
         <name>.debug_info</name>
         <load_address>0xf53c</load_address>
         <run_address>0xf53c</run_address>
         <size>0x24f</size>
         <input_file_ref idref="fl-cc"/>
      </object_component>
      <object_component id="oc-2a">
         <name>.debug_info</name>
         <load_address>0xf78b</load_address>
         <run_address>0xf78b</run_address>
         <size>0x60</size>
         <input_file_ref idref="fl-cc"/>
      </object_component>
      <object_component id="oc-b7">
         <name>.debug_info</name>
         <load_address>0xf7eb</load_address>
         <run_address>0xf7eb</run_address>
         <size>0x46</size>
         <input_file_ref idref="fl-cc"/>
      </object_component>
      <object_component id="oc-75">
         <name>.debug_info</name>
         <load_address>0xf831</load_address>
         <run_address>0xf831</run_address>
         <size>0x39</size>
         <input_file_ref idref="fl-cc"/>
      </object_component>
      <object_component id="oc-27">
         <name>.debug_info</name>
         <load_address>0xf86a</load_address>
         <run_address>0xf86a</run_address>
         <size>0x10a</size>
         <input_file_ref idref="fl-cd"/>
      </object_component>
      <object_component id="oc-55">
         <name>.debug_info</name>
         <load_address>0xf974</load_address>
         <run_address>0xf974</run_address>
         <size>0x1a8</size>
         <input_file_ref idref="fl-cd"/>
      </object_component>
      <object_component id="oc-35">
         <name>.debug_info</name>
         <load_address>0xfb1c</load_address>
         <run_address>0xfb1c</run_address>
         <size>0x118</size>
         <input_file_ref idref="fl-ce"/>
      </object_component>
      <object_component id="oc-1e1">
         <name>.debug_info</name>
         <load_address>0xfc34</load_address>
         <run_address>0xfc34</run_address>
         <size>0x4b2</size>
         <input_file_ref idref="fl-d0"/>
      </object_component>
      <object_component id="oc-110">
         <name>.debug_info</name>
         <load_address>0x100e6</load_address>
         <run_address>0x100e6</run_address>
         <size>0x1a5</size>
         <input_file_ref idref="fl-d0"/>
      </object_component>
      <object_component id="oc-240">
         <name>.debug_info</name>
         <load_address>0x1028b</load_address>
         <run_address>0x1028b</run_address>
         <size>0x39</size>
         <input_file_ref idref="fl-d0"/>
      </object_component>
      <object_component id="oc-259">
         <name>.debug_info</name>
         <load_address>0x102c4</load_address>
         <run_address>0x102c4</run_address>
         <size>0x39</size>
         <input_file_ref idref="fl-d0"/>
      </object_component>
      <object_component id="oc-245">
         <name>.debug_info</name>
         <load_address>0x102fd</load_address>
         <run_address>0x102fd</run_address>
         <size>0x39</size>
         <input_file_ref idref="fl-d0"/>
      </object_component>
      <object_component id="oc-24a">
         <name>.debug_info</name>
         <load_address>0x10336</load_address>
         <run_address>0x10336</run_address>
         <size>0xcd</size>
         <input_file_ref idref="fl-d0"/>
      </object_component>
      <object_component id="oc-93">
         <name>.debug_info</name>
         <load_address>0x10403</load_address>
         <run_address>0x10403</run_address>
         <size>0x152</size>
         <input_file_ref idref="fl-d1"/>
      </object_component>
      <object_component id="oc-104">
         <name>.debug_info</name>
         <load_address>0x10555</load_address>
         <run_address>0x10555</run_address>
         <size>0x121</size>
         <input_file_ref idref="fl-d3"/>
      </object_component>
      <object_component id="oc-29d">
         <name>.debug_info</name>
         <load_address>0x10676</load_address>
         <run_address>0x10676</run_address>
         <size>0xee</size>
      </object_component>
      <object_component id="oc-1f7">
         <name>.debug_line</name>
         <load_address>0x0</load_address>
         <run_address>0x0</run_address>
         <size>0x9a</size>
         <input_file_ref idref="fl-2"/>
      </object_component>
      <object_component id="oc-9a">
         <name>.debug_line</name>
         <load_address>0x9a</load_address>
         <run_address>0x9a</run_address>
         <size>0x70</size>
         <input_file_ref idref="fl-2"/>
      </object_component>
      <object_component id="oc-cc">
         <name>.debug_line</name>
         <load_address>0x10a</load_address>
         <run_address>0x10a</run_address>
         <size>0x47</size>
         <input_file_ref idref="fl-2"/>
      </object_component>
      <object_component id="oc-de">
         <name>.debug_line</name>
         <load_address>0x151</load_address>
         <run_address>0x151</run_address>
         <size>0x5c</size>
         <input_file_ref idref="fl-2"/>
      </object_component>
      <object_component id="oc-e3">
         <name>.debug_line</name>
         <load_address>0x1ad</load_address>
         <run_address>0x1ad</run_address>
         <size>0x5c</size>
         <input_file_ref idref="fl-2"/>
      </object_component>
      <object_component id="oc-fb">
         <name>.debug_line</name>
         <load_address>0x209</load_address>
         <run_address>0x209</run_address>
         <size>0x62</size>
         <input_file_ref idref="fl-2"/>
      </object_component>
      <object_component id="oc-1d4">
         <name>.debug_line</name>
         <load_address>0x26b</load_address>
         <run_address>0x26b</run_address>
         <size>0x32</size>
         <input_file_ref idref="fl-2"/>
      </object_component>
      <object_component id="oc-b5">
         <name>.debug_line</name>
         <load_address>0x29d</load_address>
         <run_address>0x29d</run_address>
         <size>0x6f</size>
         <input_file_ref idref="fl-2"/>
      </object_component>
      <object_component id="oc-200">
         <name>.debug_line</name>
         <load_address>0x30c</load_address>
         <run_address>0x30c</run_address>
         <size>0x78</size>
         <input_file_ref idref="fl-2"/>
      </object_component>
      <object_component id="oc-1fb">
         <name>.debug_line</name>
         <load_address>0x384</load_address>
         <run_address>0x384</run_address>
         <size>0x7b</size>
         <input_file_ref idref="fl-2"/>
      </object_component>
      <object_component id="oc-101">
         <name>.debug_line</name>
         <load_address>0x3ff</load_address>
         <run_address>0x3ff</run_address>
         <size>0x20</size>
         <input_file_ref idref="fl-2"/>
      </object_component>
      <object_component id="oc-145">
         <name>.debug_line</name>
         <load_address>0x41f</load_address>
         <run_address>0x41f</run_address>
         <size>0x73</size>
         <input_file_ref idref="fl-2"/>
      </object_component>
      <object_component id="oc-20f">
         <name>.debug_line</name>
         <load_address>0x492</load_address>
         <run_address>0x492</run_address>
         <size>0x6f</size>
         <input_file_ref idref="fl-2"/>
      </object_component>
      <object_component id="oc-205">
         <name>.debug_line</name>
         <load_address>0x501</load_address>
         <run_address>0x501</run_address>
         <size>0x70</size>
         <input_file_ref idref="fl-2"/>
      </object_component>
      <object_component id="oc-d1">
         <name>.debug_line</name>
         <load_address>0x571</load_address>
         <run_address>0x571</run_address>
         <size>0x55</size>
         <input_file_ref idref="fl-3"/>
      </object_component>
      <object_component id="oc-f5">
         <name>.debug_line</name>
         <load_address>0x5c6</load_address>
         <run_address>0x5c6</run_address>
         <size>0x47</size>
         <input_file_ref idref="fl-3"/>
      </object_component>
      <object_component id="oc-160">
         <name>.debug_line</name>
         <load_address>0x60d</load_address>
         <run_address>0x60d</run_address>
         <size>0x47</size>
         <input_file_ref idref="fl-3"/>
      </object_component>
      <object_component id="oc-19e">
         <name>.debug_line</name>
         <load_address>0x654</load_address>
         <run_address>0x654</run_address>
         <size>0x47</size>
         <input_file_ref idref="fl-3"/>
      </object_component>
      <object_component id="oc-165">
         <name>.debug_line</name>
         <load_address>0x69b</load_address>
         <run_address>0x69b</run_address>
         <size>0x47</size>
         <input_file_ref idref="fl-3"/>
      </object_component>
      <object_component id="oc-1a4">
         <name>.debug_line</name>
         <load_address>0x6e2</load_address>
         <run_address>0x6e2</run_address>
         <size>0x47</size>
         <input_file_ref idref="fl-3"/>
      </object_component>
      <object_component id="oc-16b">
         <name>.debug_line</name>
         <load_address>0x729</load_address>
         <run_address>0x729</run_address>
         <size>0x47</size>
         <input_file_ref idref="fl-3"/>
      </object_component>
      <object_component id="oc-1aa">
         <name>.debug_line</name>
         <load_address>0x770</load_address>
         <run_address>0x770</run_address>
         <size>0x47</size>
         <input_file_ref idref="fl-3"/>
      </object_component>
      <object_component id="oc-171">
         <name>.debug_line</name>
         <load_address>0x7b7</load_address>
         <run_address>0x7b7</run_address>
         <size>0x47</size>
         <input_file_ref idref="fl-3"/>
      </object_component>
      <object_component id="oc-1b1">
         <name>.debug_line</name>
         <load_address>0x7fe</load_address>
         <run_address>0x7fe</run_address>
         <size>0x47</size>
         <input_file_ref idref="fl-3"/>
      </object_component>
      <object_component id="oc-177">
         <name>.debug_line</name>
         <load_address>0x845</load_address>
         <run_address>0x845</run_address>
         <size>0x47</size>
         <input_file_ref idref="fl-3"/>
      </object_component>
      <object_component id="oc-1b6">
         <name>.debug_line</name>
         <load_address>0x88c</load_address>
         <run_address>0x88c</run_address>
         <size>0x47</size>
         <input_file_ref idref="fl-3"/>
      </object_component>
      <object_component id="oc-17e">
         <name>.debug_line</name>
         <load_address>0x8d3</load_address>
         <run_address>0x8d3</run_address>
         <size>0x47</size>
         <input_file_ref idref="fl-3"/>
      </object_component>
      <object_component id="oc-1bc">
         <name>.debug_line</name>
         <load_address>0x91a</load_address>
         <run_address>0x91a</run_address>
         <size>0x47</size>
         <input_file_ref idref="fl-3"/>
      </object_component>
      <object_component id="oc-184">
         <name>.debug_line</name>
         <load_address>0x961</load_address>
         <run_address>0x961</run_address>
         <size>0x47</size>
         <input_file_ref idref="fl-3"/>
      </object_component>
      <object_component id="oc-32">
         <name>.debug_line</name>
         <load_address>0x9a8</load_address>
         <run_address>0x9a8</run_address>
         <size>0x20</size>
         <input_file_ref idref="fl-3"/>
      </object_component>
      <object_component id="oc-d7">
         <name>.debug_line</name>
         <load_address>0x9c8</load_address>
         <run_address>0x9c8</run_address>
         <size>0x47</size>
         <input_file_ref idref="fl-4"/>
      </object_component>
      <object_component id="oc-e6">
         <name>.debug_line</name>
         <load_address>0xa0f</load_address>
         <run_address>0xa0f</run_address>
         <size>0x4a</size>
         <input_file_ref idref="fl-4"/>
      </object_component>
      <object_component id="oc-ef">
         <name>.debug_line</name>
         <load_address>0xa59</load_address>
         <run_address>0xa59</run_address>
         <size>0x4a</size>
         <input_file_ref idref="fl-4"/>
      </object_component>
      <object_component id="oc-a9">
         <name>.debug_line</name>
         <load_address>0xaa3</load_address>
         <run_address>0xaa3</run_address>
         <size>0x66</size>
         <input_file_ref idref="fl-5"/>
      </object_component>
      <object_component id="oc-b1">
         <name>.debug_line</name>
         <load_address>0xb09</load_address>
         <run_address>0xb09</run_address>
         <size>0x44</size>
         <input_file_ref idref="fl-6"/>
      </object_component>
      <object_component id="oc-71">
         <name>.debug_line</name>
         <load_address>0xb4d</load_address>
         <run_address>0xb4d</run_address>
         <size>0x44</size>
         <input_file_ref idref="fl-6"/>
      </object_component>
      <object_component id="oc-68">
         <name>.debug_line</name>
         <load_address>0xb91</load_address>
         <run_address>0xb91</run_address>
         <size>0x5d</size>
         <input_file_ref idref="fl-6"/>
      </object_component>
      <object_component id="oc-6e">
         <name>.debug_line</name>
         <load_address>0xbee</load_address>
         <run_address>0xbee</run_address>
         <size>0x59</size>
         <input_file_ref idref="fl-6"/>
      </object_component>
      <object_component id="oc-266">
         <name>.debug_line</name>
         <load_address>0xc47</load_address>
         <run_address>0xc47</run_address>
         <size>0x56</size>
         <input_file_ref idref="fl-f"/>
      </object_component>
      <object_component id="oc-252">
         <name>.debug_line</name>
         <load_address>0xc9d</load_address>
         <run_address>0xc9d</run_address>
         <size>0x51</size>
         <input_file_ref idref="fl-f"/>
      </object_component>
      <object_component id="oc-158">
         <name>.debug_line</name>
         <load_address>0xcee</load_address>
         <run_address>0xcee</run_address>
         <size>0x6e</size>
         <input_file_ref idref="fl-f"/>
      </object_component>
      <object_component id="oc-225">
         <name>.debug_line</name>
         <load_address>0xd5c</load_address>
         <run_address>0xd5c</run_address>
         <size>0x6c</size>
         <input_file_ref idref="fl-f"/>
      </object_component>
      <object_component id="oc-217">
         <name>.debug_line</name>
         <load_address>0xdc8</load_address>
         <run_address>0xdc8</run_address>
         <size>0x6c</size>
         <input_file_ref idref="fl-f"/>
      </object_component>
      <object_component id="oc-151">
         <name>.debug_line</name>
         <load_address>0xe34</load_address>
         <run_address>0xe34</run_address>
         <size>0x70</size>
         <input_file_ref idref="fl-f"/>
      </object_component>
      <object_component id="oc-1ca">
         <name>.debug_line</name>
         <load_address>0xea4</load_address>
         <run_address>0xea4</run_address>
         <size>0x73</size>
         <input_file_ref idref="fl-f"/>
      </object_component>
      <object_component id="oc-26a">
         <name>.debug_line</name>
         <load_address>0xf17</load_address>
         <run_address>0xf17</run_address>
         <size>0x51</size>
         <input_file_ref idref="fl-f"/>
      </object_component>
      <object_component id="oc-18a">
         <name>.debug_line</name>
         <load_address>0xf68</load_address>
         <run_address>0xf68</run_address>
         <size>0xc1</size>
         <input_file_ref idref="fl-11"/>
      </object_component>
      <object_component id="oc-190">
         <name>.debug_line</name>
         <load_address>0x1029</load_address>
         <run_address>0x1029</run_address>
         <size>0x70</size>
         <input_file_ref idref="fl-11"/>
      </object_component>
      <object_component id="oc-1c0">
         <name>.debug_line</name>
         <load_address>0x1099</load_address>
         <run_address>0x1099</run_address>
         <size>0x6c</size>
         <input_file_ref idref="fl-11"/>
      </object_component>
      <object_component id="oc-193">
         <name>.debug_line</name>
         <load_address>0x1105</load_address>
         <run_address>0x1105</run_address>
         <size>0x73</size>
         <input_file_ref idref="fl-11"/>
      </object_component>
      <object_component id="oc-14a">
         <name>.debug_line</name>
         <load_address>0x1178</load_address>
         <run_address>0x1178</run_address>
         <size>0x6a</size>
         <input_file_ref idref="fl-12"/>
      </object_component>
      <object_component id="oc-82">
         <name>.debug_line</name>
         <load_address>0x11e2</load_address>
         <run_address>0x11e2</run_address>
         <size>0x20</size>
         <input_file_ref idref="fl-cb"/>
      </object_component>
      <object_component id="oc-1b">
         <name>.debug_line</name>
         <load_address>0x1202</load_address>
         <run_address>0x1202</run_address>
         <size>0x55</size>
         <input_file_ref idref="fl-cb"/>
      </object_component>
      <object_component id="oc-3d">
         <name>.debug_line</name>
         <load_address>0x1257</load_address>
         <run_address>0x1257</run_address>
         <size>0x3a</size>
         <input_file_ref idref="fl-cb"/>
      </object_component>
      <object_component id="oc-7f">
         <name>.debug_line</name>
         <load_address>0x1291</load_address>
         <run_address>0x1291</run_address>
         <size>0x90</size>
         <input_file_ref idref="fl-cb"/>
      </object_component>
      <object_component id="oc-bd">
         <name>.debug_line</name>
         <load_address>0x1321</load_address>
         <run_address>0x1321</run_address>
         <size>0x20</size>
         <input_file_ref idref="fl-cc"/>
      </object_component>
      <object_component id="oc-18">
         <name>.debug_line</name>
         <load_address>0x1341</load_address>
         <run_address>0x1341</run_address>
         <size>0xa9</size>
         <input_file_ref idref="fl-cc"/>
      </object_component>
      <object_component id="oc-2d">
         <name>.debug_line</name>
         <load_address>0x13ea</load_address>
         <run_address>0x13ea</run_address>
         <size>0x3a</size>
         <input_file_ref idref="fl-cc"/>
      </object_component>
      <object_component id="oc-ba">
         <name>.debug_line</name>
         <load_address>0x1424</load_address>
         <run_address>0x1424</run_address>
         <size>0x98</size>
         <input_file_ref idref="fl-cc"/>
      </object_component>
      <object_component id="oc-78">
         <name>.debug_line</name>
         <load_address>0x14bc</load_address>
         <run_address>0x14bc</run_address>
         <size>0x94</size>
         <input_file_ref idref="fl-cc"/>
      </object_component>
      <object_component id="oc-74">
         <name>.debug_line</name>
         <load_address>0x1550</load_address>
         <run_address>0x1550</run_address>
         <size>0x33</size>
         <input_file_ref idref="fl-cd"/>
      </object_component>
      <object_component id="oc-57">
         <name>.debug_line</name>
         <load_address>0x1583</load_address>
         <run_address>0x1583</run_address>
         <size>0x45</size>
         <input_file_ref idref="fl-cd"/>
      </object_component>
      <object_component id="oc-38">
         <name>.debug_line</name>
         <load_address>0x15c8</load_address>
         <run_address>0x15c8</run_address>
         <size>0x88</size>
         <input_file_ref idref="fl-ce"/>
      </object_component>
      <object_component id="oc-23f">
         <name>.debug_line</name>
         <load_address>0x1650</load_address>
         <run_address>0x1650</run_address>
         <size>0xbd</size>
         <input_file_ref idref="fl-d0"/>
      </object_component>
      <object_component id="oc-113">
         <name>.debug_line</name>
         <load_address>0x170d</load_address>
         <run_address>0x170d</run_address>
         <size>0x6f</size>
         <input_file_ref idref="fl-d0"/>
      </object_component>
      <object_component id="oc-243">
         <name>.debug_line</name>
         <load_address>0x177c</load_address>
         <run_address>0x177c</run_address>
         <size>0x2e</size>
         <input_file_ref idref="fl-d0"/>
      </object_component>
      <object_component id="oc-25c">
         <name>.debug_line</name>
         <load_address>0x17aa</load_address>
         <run_address>0x17aa</run_address>
         <size>0x98</size>
         <input_file_ref idref="fl-d0"/>
      </object_component>
      <object_component id="oc-248">
         <name>.debug_line</name>
         <load_address>0x1842</load_address>
         <run_address>0x1842</run_address>
         <size>0x95</size>
         <input_file_ref idref="fl-d0"/>
      </object_component>
      <object_component id="oc-24d">
         <name>.debug_line</name>
         <load_address>0x18d7</load_address>
         <run_address>0x18d7</run_address>
         <size>0x91</size>
         <input_file_ref idref="fl-d0"/>
      </object_component>
      <object_component id="oc-92">
         <name>.debug_line</name>
         <load_address>0x1968</load_address>
         <run_address>0x1968</run_address>
         <size>0x40</size>
         <input_file_ref idref="fl-d1"/>
      </object_component>
      <object_component id="oc-107">
         <name>.debug_line</name>
         <load_address>0x19a8</load_address>
         <run_address>0x19a8</run_address>
         <size>0x3c</size>
         <input_file_ref idref="fl-d3"/>
      </object_component>
      <object_component id="oc-9b">
         <name>.debug_frame</name>
         <load_address>0x0</load_address>
         <run_address>0x0</run_address>
         <size>0x5c</size>
         <input_file_ref idref="fl-2"/>
      </object_component>
      <object_component id="oc-cb">
         <name>.debug_frame</name>
         <load_address>0x5c</load_address>
         <run_address>0x5c</run_address>
         <size>0x58</size>
         <input_file_ref idref="fl-2"/>
      </object_component>
      <object_component id="oc-dd">
         <name>.debug_frame</name>
         <load_address>0xb4</load_address>
         <run_address>0xb4</run_address>
         <size>0x58</size>
         <input_file_ref idref="fl-2"/>
      </object_component>
      <object_component id="oc-e4">
         <name>.debug_frame</name>
         <load_address>0x10c</load_address>
         <run_address>0x10c</run_address>
         <size>0x58</size>
         <input_file_ref idref="fl-2"/>
      </object_component>
      <object_component id="oc-fc">
         <name>.debug_frame</name>
         <load_address>0x164</load_address>
         <run_address>0x164</run_address>
         <size>0x58</size>
         <input_file_ref idref="fl-2"/>
      </object_component>
      <object_component id="oc-d2">
         <name>.debug_frame</name>
         <load_address>0x1bc</load_address>
         <run_address>0x1bc</run_address>
         <size>0x58</size>
         <input_file_ref idref="fl-3"/>
      </object_component>
      <object_component id="oc-f6">
         <name>.debug_frame</name>
         <load_address>0x214</load_address>
         <run_address>0x214</run_address>
         <size>0x58</size>
         <input_file_ref idref="fl-3"/>
      </object_component>
      <object_component id="oc-15f">
         <name>.debug_frame</name>
         <load_address>0x26c</load_address>
         <run_address>0x26c</run_address>
         <size>0x58</size>
         <input_file_ref idref="fl-3"/>
      </object_component>
      <object_component id="oc-19d">
         <name>.debug_frame</name>
         <load_address>0x2c4</load_address>
         <run_address>0x2c4</run_address>
         <size>0x58</size>
         <input_file_ref idref="fl-3"/>
      </object_component>
      <object_component id="oc-166">
         <name>.debug_frame</name>
         <load_address>0x31c</load_address>
         <run_address>0x31c</run_address>
         <size>0x58</size>
         <input_file_ref idref="fl-3"/>
      </object_component>
      <object_component id="oc-1a3">
         <name>.debug_frame</name>
         <load_address>0x374</load_address>
         <run_address>0x374</run_address>
         <size>0x58</size>
         <input_file_ref idref="fl-3"/>
      </object_component>
      <object_component id="oc-16c">
         <name>.debug_frame</name>
         <load_address>0x3cc</load_address>
         <run_address>0x3cc</run_address>
         <size>0x58</size>
         <input_file_ref idref="fl-3"/>
      </object_component>
      <object_component id="oc-1a9">
         <name>.debug_frame</name>
         <load_address>0x424</load_address>
         <run_address>0x424</run_address>
         <size>0x58</size>
         <input_file_ref idref="fl-3"/>
      </object_component>
      <object_component id="oc-172">
         <name>.debug_frame</name>
         <load_address>0x47c</load_address>
         <run_address>0x47c</run_address>
         <size>0x58</size>
         <input_file_ref idref="fl-3"/>
      </object_component>
      <object_component id="oc-1b0">
         <name>.debug_frame</name>
         <load_address>0x4d4</load_address>
         <run_address>0x4d4</run_address>
         <size>0x58</size>
         <input_file_ref idref="fl-3"/>
      </object_component>
      <object_component id="oc-178">
         <name>.debug_frame</name>
         <load_address>0x52c</load_address>
         <run_address>0x52c</run_address>
         <size>0x58</size>
         <input_file_ref idref="fl-3"/>
      </object_component>
      <object_component id="oc-1b7">
         <name>.debug_frame</name>
         <load_address>0x584</load_address>
         <run_address>0x584</run_address>
         <size>0x58</size>
         <input_file_ref idref="fl-3"/>
      </object_component>
      <object_component id="oc-17d">
         <name>.debug_frame</name>
         <load_address>0x5dc</load_address>
         <run_address>0x5dc</run_address>
         <size>0x58</size>
         <input_file_ref idref="fl-3"/>
      </object_component>
      <object_component id="oc-1bd">
         <name>.debug_frame</name>
         <load_address>0x634</load_address>
         <run_address>0x634</run_address>
         <size>0x58</size>
         <input_file_ref idref="fl-3"/>
      </object_component>
      <object_component id="oc-183">
         <name>.debug_frame</name>
         <load_address>0x68c</load_address>
         <run_address>0x68c</run_address>
         <size>0x58</size>
         <input_file_ref idref="fl-3"/>
      </object_component>
      <object_component id="oc-d8">
         <name>.debug_frame</name>
         <load_address>0x6e4</load_address>
         <run_address>0x6e4</run_address>
         <size>0x5c</size>
         <input_file_ref idref="fl-4"/>
      </object_component>
      <object_component id="oc-ea">
         <name>.debug_frame</name>
         <load_address>0x740</load_address>
         <run_address>0x740</run_address>
         <size>0x5c</size>
         <input_file_ref idref="fl-4"/>
      </object_component>
      <object_component id="oc-f0">
         <name>.debug_frame</name>
         <load_address>0x79c</load_address>
         <run_address>0x79c</run_address>
         <size>0x5c</size>
         <input_file_ref idref="fl-4"/>
      </object_component>
      <object_component id="oc-aa">
         <name>.debug_frame</name>
         <load_address>0x7f8</load_address>
         <run_address>0x7f8</run_address>
         <size>0x54</size>
         <input_file_ref idref="fl-5"/>
      </object_component>
      <object_component id="oc-69">
         <name>.debug_frame</name>
         <load_address>0x84c</load_address>
         <run_address>0x84c</run_address>
         <size>0x58</size>
         <input_file_ref idref="fl-6"/>
      </object_component>
      <object_component id="oc-6f">
         <name>.debug_frame</name>
         <load_address>0x8a4</load_address>
         <run_address>0x8a4</run_address>
         <size>0x54</size>
         <input_file_ref idref="fl-6"/>
      </object_component>
      <object_component id="oc-157">
         <name>.debug_frame</name>
         <load_address>0x8f8</load_address>
         <run_address>0x8f8</run_address>
         <size>0x58</size>
         <input_file_ref idref="fl-f"/>
      </object_component>
      <object_component id="oc-224">
         <name>.debug_frame</name>
         <load_address>0x950</load_address>
         <run_address>0x950</run_address>
         <size>0x58</size>
         <input_file_ref idref="fl-f"/>
      </object_component>
      <object_component id="oc-214">
         <name>.debug_frame</name>
         <load_address>0x9a8</load_address>
         <run_address>0x9a8</run_address>
         <size>0x58</size>
         <input_file_ref idref="fl-f"/>
      </object_component>
      <object_component id="oc-150">
         <name>.debug_frame</name>
         <load_address>0xa00</load_address>
         <run_address>0xa00</run_address>
         <size>0x58</size>
         <input_file_ref idref="fl-f"/>
      </object_component>
      <object_component id="oc-1c9">
         <name>.debug_frame</name>
         <load_address>0xa58</load_address>
         <run_address>0xa58</run_address>
         <size>0x58</size>
         <input_file_ref idref="fl-f"/>
      </object_component>
      <object_component id="oc-18b">
         <name>.debug_frame</name>
         <load_address>0xab0</load_address>
         <run_address>0xab0</run_address>
         <size>0x58</size>
         <input_file_ref idref="fl-11"/>
      </object_component>
      <object_component id="oc-191">
         <name>.debug_frame</name>
         <load_address>0xb08</load_address>
         <run_address>0xb08</run_address>
         <size>0x58</size>
         <input_file_ref idref="fl-11"/>
      </object_component>
      <object_component id="oc-1c4">
         <name>.debug_frame</name>
         <load_address>0xb60</load_address>
         <run_address>0xb60</run_address>
         <size>0x58</size>
         <input_file_ref idref="fl-11"/>
      </object_component>
      <object_component id="oc-197">
         <name>.debug_frame</name>
         <load_address>0xbb8</load_address>
         <run_address>0xbb8</run_address>
         <size>0x58</size>
         <input_file_ref idref="fl-11"/>
      </object_component>
      <object_component id="oc-14d">
         <name>.debug_frame</name>
         <load_address>0xc10</load_address>
         <run_address>0xc10</run_address>
         <size>0x58</size>
         <input_file_ref idref="fl-12"/>
      </object_component>
      <object_component id="oc-1c">
         <name>.debug_frame</name>
         <load_address>0xc68</load_address>
         <run_address>0xc68</run_address>
         <size>0x54</size>
         <input_file_ref idref="fl-cb"/>
      </object_component>
      <object_component id="oc-19">
         <name>.debug_frame</name>
         <load_address>0xcbc</load_address>
         <run_address>0xcbc</run_address>
         <size>0x60</size>
         <input_file_ref idref="fl-cc"/>
      </object_component>
      <object_component id="oc-53">
         <name>.debug_frame</name>
         <load_address>0xd1c</load_address>
         <run_address>0xd1c</run_address>
         <size>0x50</size>
         <input_file_ref idref="fl-cd"/>
      </object_component>
      <object_component id="oc-114">
         <name>.debug_frame</name>
         <load_address>0xd6c</load_address>
         <run_address>0xd6c</run_address>
         <size>0x5c</size>
         <input_file_ref idref="fl-d0"/>
      </object_component>
      <object_component id="oc-91">
         <name>.debug_frame</name>
         <load_address>0xdc8</load_address>
         <run_address>0xdc8</run_address>
         <size>0x54</size>
         <input_file_ref idref="fl-d1"/>
      </object_component>
      <object_component id="oc-108">
         <name>.debug_frame</name>
         <load_address>0xe1c</load_address>
         <run_address>0xe1c</run_address>
         <size>0x54</size>
         <input_file_ref idref="fl-d3"/>
      </object_component>
      <object_component id="oc-1f6">
         <name>.debug_abbrev</name>
         <load_address>0x0</load_address>
         <run_address>0x0</run_address>
         <size>0xc1</size>
         <input_file_ref idref="fl-2"/>
      </object_component>
      <object_component id="oc-fd">
         <name>.debug_abbrev</name>
         <load_address>0xc1</load_address>
         <run_address>0xc1</run_address>
         <size>0x62</size>
         <input_file_ref idref="fl-2"/>
      </object_component>
      <object_component id="oc-14e">
         <name>.debug_abbrev</name>
         <load_address>0x123</load_address>
         <run_address>0x123</run_address>
         <size>0x5e</size>
         <input_file_ref idref="fl-2"/>
      </object_component>
      <object_component id="oc-1ab">
         <name>.debug_abbrev</name>
         <load_address>0x181</load_address>
         <run_address>0x181</run_address>
         <size>0x7a</size>
         <input_file_ref idref="fl-2"/>
      </object_component>
      <object_component id="oc-1be">
         <name>.debug_abbrev</name>
         <load_address>0x1fb</load_address>
         <run_address>0x1fb</run_address>
         <size>0x7a</size>
         <input_file_ref idref="fl-2"/>
      </object_component>
      <object_component id="oc-1d0">
         <name>.debug_abbrev</name>
         <load_address>0x275</load_address>
         <run_address>0x275</run_address>
         <size>0x6e</size>
         <input_file_ref idref="fl-2"/>
      </object_component>
      <object_component id="oc-1d3">
         <name>.debug_abbrev</name>
         <load_address>0x2e3</load_address>
         <run_address>0x2e3</run_address>
         <size>0x42</size>
         <input_file_ref idref="fl-2"/>
      </object_component>
      <object_component id="oc-b4">
         <name>.debug_abbrev</name>
         <load_address>0x325</load_address>
         <run_address>0x325</run_address>
         <size>0x69</size>
         <input_file_ref idref="fl-2"/>
      </object_component>
      <object_component id="oc-1ff">
         <name>.debug_abbrev</name>
         <load_address>0x38e</load_address>
         <run_address>0x38e</run_address>
         <size>0x97</size>
         <input_file_ref idref="fl-2"/>
      </object_component>
      <object_component id="oc-1fa">
         <name>.debug_abbrev</name>
         <load_address>0x425</load_address>
         <run_address>0x425</run_address>
         <size>0xbd</size>
         <input_file_ref idref="fl-2"/>
      </object_component>
      <object_component id="oc-100">
         <name>.debug_abbrev</name>
         <load_address>0x4e2</load_address>
         <run_address>0x4e2</run_address>
         <size>0x1f</size>
         <input_file_ref idref="fl-2"/>
      </object_component>
      <object_component id="oc-144">
         <name>.debug_abbrev</name>
         <load_address>0x501</load_address>
         <run_address>0x501</run_address>
         <size>0x5c</size>
         <input_file_ref idref="fl-2"/>
      </object_component>
      <object_component id="oc-20e">
         <name>.debug_abbrev</name>
         <load_address>0x55d</load_address>
         <run_address>0x55d</run_address>
         <size>0x24</size>
         <input_file_ref idref="fl-2"/>
      </object_component>
      <object_component id="oc-204">
         <name>.debug_abbrev</name>
         <load_address>0x581</load_address>
         <run_address>0x581</run_address>
         <size>0x24</size>
         <input_file_ref idref="fl-2"/>
      </object_component>
      <object_component id="oc-185">
         <name>.debug_abbrev</name>
         <load_address>0x5a5</load_address>
         <run_address>0x5a5</run_address>
         <size>0x5e</size>
         <input_file_ref idref="fl-3"/>
      </object_component>
      <object_component id="oc-1ce">
         <name>.debug_abbrev</name>
         <load_address>0x603</load_address>
         <run_address>0x603</run_address>
         <size>0x60</size>
         <input_file_ref idref="fl-3"/>
      </object_component>
      <object_component id="oc-218">
         <name>.debug_abbrev</name>
         <load_address>0x663</load_address>
         <run_address>0x663</run_address>
         <size>0x5e</size>
         <input_file_ref idref="fl-3"/>
      </object_component>
      <object_component id="oc-228">
         <name>.debug_abbrev</name>
         <load_address>0x6c1</load_address>
         <run_address>0x6c1</run_address>
         <size>0x5e</size>
         <input_file_ref idref="fl-3"/>
      </object_component>
      <object_component id="oc-219">
         <name>.debug_abbrev</name>
         <load_address>0x71f</load_address>
         <run_address>0x71f</run_address>
         <size>0x5e</size>
         <input_file_ref idref="fl-3"/>
      </object_component>
      <object_component id="oc-229">
         <name>.debug_abbrev</name>
         <load_address>0x77d</load_address>
         <run_address>0x77d</run_address>
         <size>0x5e</size>
         <input_file_ref idref="fl-3"/>
      </object_component>
      <object_component id="oc-21a">
         <name>.debug_abbrev</name>
         <load_address>0x7db</load_address>
         <run_address>0x7db</run_address>
         <size>0x5e</size>
         <input_file_ref idref="fl-3"/>
      </object_component>
      <object_component id="oc-22a">
         <name>.debug_abbrev</name>
         <load_address>0x839</load_address>
         <run_address>0x839</run_address>
         <size>0x5e</size>
         <input_file_ref idref="fl-3"/>
      </object_component>
      <object_component id="oc-21b">
         <name>.debug_abbrev</name>
         <load_address>0x897</load_address>
         <run_address>0x897</run_address>
         <size>0x5e</size>
         <input_file_ref idref="fl-3"/>
      </object_component>
      <object_component id="oc-22b">
         <name>.debug_abbrev</name>
         <load_address>0x8f5</load_address>
         <run_address>0x8f5</run_address>
         <size>0x5e</size>
         <input_file_ref idref="fl-3"/>
      </object_component>
      <object_component id="oc-21c">
         <name>.debug_abbrev</name>
         <load_address>0x953</load_address>
         <run_address>0x953</run_address>
         <size>0x5e</size>
         <input_file_ref idref="fl-3"/>
      </object_component>
      <object_component id="oc-22c">
         <name>.debug_abbrev</name>
         <load_address>0x9b1</load_address>
         <run_address>0x9b1</run_address>
         <size>0x5e</size>
         <input_file_ref idref="fl-3"/>
      </object_component>
      <object_component id="oc-21d">
         <name>.debug_abbrev</name>
         <load_address>0xa0f</load_address>
         <run_address>0xa0f</run_address>
         <size>0x5e</size>
         <input_file_ref idref="fl-3"/>
      </object_component>
      <object_component id="oc-22d">
         <name>.debug_abbrev</name>
         <load_address>0xa6d</load_address>
         <run_address>0xa6d</run_address>
         <size>0x5e</size>
         <input_file_ref idref="fl-3"/>
      </object_component>
      <object_component id="oc-21e">
         <name>.debug_abbrev</name>
         <load_address>0xacb</load_address>
         <run_address>0xacb</run_address>
         <size>0x5e</size>
         <input_file_ref idref="fl-3"/>
      </object_component>
      <object_component id="oc-31">
         <name>.debug_abbrev</name>
         <load_address>0xb29</load_address>
         <run_address>0xb29</run_address>
         <size>0x1f</size>
         <input_file_ref idref="fl-3"/>
      </object_component>
      <object_component id="oc-198">
         <name>.debug_abbrev</name>
         <load_address>0xb48</load_address>
         <run_address>0xb48</run_address>
         <size>0x7a</size>
         <input_file_ref idref="fl-4"/>
      </object_component>
      <object_component id="oc-1c6">
         <name>.debug_abbrev</name>
         <load_address>0xbc2</load_address>
         <run_address>0xbc2</run_address>
         <size>0x6e</size>
         <input_file_ref idref="fl-4"/>
      </object_component>
      <object_component id="oc-1c7">
         <name>.debug_abbrev</name>
         <load_address>0xc30</load_address>
         <run_address>0xc30</run_address>
         <size>0x6e</size>
         <input_file_ref idref="fl-4"/>
      </object_component>
      <object_component id="oc-141">
         <name>.debug_abbrev</name>
         <load_address>0xc9e</load_address>
         <run_address>0xc9e</run_address>
         <size>0x50</size>
         <input_file_ref idref="fl-5"/>
      </object_component>
      <object_component id="oc-b0">
         <name>.debug_abbrev</name>
         <load_address>0xcee</load_address>
         <run_address>0xcee</run_address>
         <size>0x7c</size>
         <input_file_ref idref="fl-6"/>
      </object_component>
      <object_component id="oc-70">
         <name>.debug_abbrev</name>
         <load_address>0xd6a</load_address>
         <run_address>0xd6a</run_address>
         <size>0x29</size>
         <input_file_ref idref="fl-6"/>
      </object_component>
      <object_component id="oc-ae">
         <name>.debug_abbrev</name>
         <load_address>0xd93</load_address>
         <run_address>0xd93</run_address>
         <size>0x5e</size>
         <input_file_ref idref="fl-6"/>
      </object_component>
      <object_component id="oc-af">
         <name>.debug_abbrev</name>
         <load_address>0xdf1</load_address>
         <run_address>0xdf1</run_address>
         <size>0x42</size>
         <input_file_ref idref="fl-6"/>
      </object_component>
      <object_component id="oc-265">
         <name>.debug_abbrev</name>
         <load_address>0xe33</load_address>
         <run_address>0xe33</run_address>
         <size>0xbb</size>
         <input_file_ref idref="fl-f"/>
      </object_component>
      <object_component id="oc-251">
         <name>.debug_abbrev</name>
         <load_address>0xeee</load_address>
         <run_address>0xeee</run_address>
         <size>0x27</size>
         <input_file_ref idref="fl-f"/>
      </object_component>
      <object_component id="oc-211">
         <name>.debug_abbrev</name>
         <load_address>0xf15</load_address>
         <run_address>0xf15</run_address>
         <size>0x6c</size>
         <input_file_ref idref="fl-f"/>
      </object_component>
      <object_component id="oc-255">
         <name>.debug_abbrev</name>
         <load_address>0xf81</load_address>
         <run_address>0xf81</run_address>
         <size>0x6c</size>
         <input_file_ref idref="fl-f"/>
      </object_component>
      <object_component id="oc-254">
         <name>.debug_abbrev</name>
         <load_address>0xfed</load_address>
         <run_address>0xfed</run_address>
         <size>0x6c</size>
         <input_file_ref idref="fl-f"/>
      </object_component>
      <object_component id="oc-20b">
         <name>.debug_abbrev</name>
         <load_address>0x1059</load_address>
         <run_address>0x1059</run_address>
         <size>0x6c</size>
         <input_file_ref idref="fl-f"/>
      </object_component>
      <object_component id="oc-22f">
         <name>.debug_abbrev</name>
         <load_address>0x10c5</load_address>
         <run_address>0x10c5</run_address>
         <size>0x6e</size>
         <input_file_ref idref="fl-f"/>
      </object_component>
      <object_component id="oc-269">
         <name>.debug_abbrev</name>
         <load_address>0x1133</load_address>
[...]
               <logical_group_ref idref="lg-3"/>
            </allocated_space>
            <allocated_space>
               <start_address>0xe4</start_address>
               <size>0x738</size>
               <logical_group_ref idref="lg-4"/>
            </allocated_space>
            <allocated_space>
               <start_address>0x81c</start_address>
               <size>0x30</size>
               <logical_group_ref idref="lg-5"/>
            </allocated_space>
            <available_space>
               <start_address>0x84c</start_address>
               <size>0x4</size>
            </available_space>
            <allocated_space>
               <start_address>0x850</start_address>
               <size>0x18</size>
               <logical_group_ref idref="lg-6"/>
            </allocated_space>
            <available_space>
               <start_address>0x868</start_address>
               <size>0x3f798</size>
            </available_space>
         </usage_details>
      </memory_area>
      <memory_area display="yes" color="green">
         <name>INFO</name>
         <page_id>0x0</page_id>
         <origin>0x200000</origin>
         <length>0x4000</length>
         <used_space>0x0</used_space>
         <unused_space>0x4000</unused_space>
         <attributes>RX</attributes>
         <usage_details>
         </usage_details>
      </memory_area>
      <memory_area display="yes" color="green">
         <name>SRAM_CODE</name>
         <page_id>0x0</page_id>
         <origin>0x1000000</origin>
         <length>0x10000</length>
         <used_space>0x209</used_space>
         <unused_space>0xfdf7</unused_space>
         <attributes>RWX</attributes>
         <usage_details>
            <allocated_space>
               <start_address>0x1000000</start_address>
               <size>0x9</size>
               <logical_group_ref idref="lg-e"/>
            </allocated_space>
            <available_space>
               <start_address>0x1000009</start_address>
               <size>0xfdf7</size>
            </available_space>
            <allocated_space>
               <start_address>0x100fe00</start_address>
               <size>0x200</size>
               <logical_group_ref idref="lg-11"/>
            </allocated_space>
         </usage_details>
      </memory_area>
      <memory_area display="yes" color="green">
         <name>SRAM_DATA</name>
         <page_id>0x0</page_id>
         <origin>0x20000000</origin>
         <length>0x10000</length>
         <used_space>0x209</used_space>
         <unused_space>0xfdf7</unused_space>
         <attributes>RW</attributes>
         <usage_details>
            <allocated_space>
               <start_address>0x20000000</start_address>
               <size>0x9</size>
               <logical_group_ref idref="lg-e"/>
            </allocated_space>
            <available_space>
               <start_address>0x20000009</start_address>
               <size>0xfdf7</size>
            </available_space>
            <allocated_space>
               <start_address>0x2000fe00</start_address>
               <size>0x200</size>
               <logical_group_ref idref="lg-11"/>
            </allocated_space>
         </usage_details>
      </memory_area>
   </placement_map>
   <cptbl_list>
      <cptbl>
         <name>__TI_cinit_table</name>
         <cprec>
            <name>.data</name>
            <load_address>0x850</load_address>
            <load_size>0x8</load_size>
            <run_address>0x20000000</run_address>
            <run_size>0x9</run_size>
            <compression>lzss</compression>
         </cprec>
      </cptbl>
   </cptbl_list>
   <handler_table>
      <handler_table_name>__TI_handler_table</handler_table_name>
      <handler>
         <index>0x0</index>
         <name>__TI_decompress_lzss</name>
      </handler>
      <handler>
         <index>0x1</index>
         <name>__TI_decompress_none</name>
      </handler>
   </handler_table>
   <symbol_table>
      <symbol id="sm-1">
         <name>WDTCTL_SYM</name>
         <value>0x4000480c</value>
      </symbol>
      <symbol id="sm-2">
         <name>__TI_CINIT_Base</name>
         <value>0x860</value>
      </symbol>
      <symbol id="sm-3">
         <name>__TI_CINIT_Limit</name>
         <value>0x868</value>
      </symbol>
      <symbol id="sm-4">
         <name>__TI_Handler_Table_Base</name>
         <value>0x858</value>
      </symbol>
      <symbol id="sm-5">
         <name>__TI_Handler_Table_Limit</name>
         <value>0x860</value>
      </symbol>
      <symbol id="sm-6">
         <name>binit</name>
         <value>0xffffffff</value>
      </symbol>
      <symbol id="sm-7">
         <name>__binit__</name>
         <value>0xffffffff</value>
      </symbol>
      <symbol id="sm-8">
         <name>__STACK_SIZE</name>
         <value>0x200</value>
      </symbol>
      <symbol id="sm-9">
         <name>__STACK_END</name>
         <value>0x20010000</value>
      </symbol>
      <symbol id="sm-a">
         <name>__c_args__</name>
         <value>0xffffffff</value>
      </symbol>
      <symbol id="sm-b">
         <name>__TI_pprof_out_hndl</name>
         <value>0xffffffff</value>
      </symbol>
      <symbol id="sm-c">
         <name>__TI_prof_data_start</name>
         <value>0xffffffff</value>
      </symbol>
      <symbol id="sm-d">
         <name>__TI_prof_data_size</name>
         <value>0xffffffff</value>
      </symbol>
      <symbol id="sm-98">
         <name>changeLaunchpadLED2</name>
         <value>0x5d3</value>
         <object_component_ref idref="oc-d9"/>
      </symbol>
      <symbol id="sm-99">
         <name>changeBoosterpackLED</name>
         <value>0x59d</value>
         <object_component_ref idref="oc-df"/>
      </symbol>
      <symbol id="sm-9a">
         <name>main</name>
         <value>0x181</value>
         <object_component_ref idref="oc-96"/>
      </symbol>
      <symbol id="sm-9b">
         <name>fsmBoosterpackButtonS1</name>
         <value>0x425</value>
         <object_component_ref idref="oc-f7"/>
      </symbol>
      <symbol id="sm-9c">
         <name>initBoard</name>
         <value>0x80d</value>
         <object_component_ref idref="oc-c7"/>
      </symbol>
      <symbol id="sm-11b">
         <name>turnOff_LaunchpadLED2Green</name>
         <value>0x7ad</value>
         <object_component_ref idref="oc-167"/>
      </symbol>
      <symbol id="sm-11c">
         <name>turnOff_BoosterpackLEDBlue</name>
         <value>0x771</value>
         <object_component_ref idref="oc-17f"/>
      </symbol>
      <symbol id="sm-11d">
         <name>turnOff_BoosterpackLEDRed</name>
         <value>0x789</value>
         <object_component_ref idref="oc-173"/>
      </symbol>
      <symbol id="sm-11e">
         <name>initGPIO</name>
         <value>0x285</value>
         <object_component_ref idref="oc-cd"/>
      </symbol>
      <symbol id="sm-11f">
         <name>turnOff_LaunchpadLED2Blue</name>
         <value>0x7a1</value>
         <object_component_ref idref="oc-16d"/>
      </symbol>
      <symbol id="sm-120">
         <name>turnOn_BoosterpackLEDGreen</name>
         <value>0x7d1</value>
         <object_component_ref idref="oc-1b2"/>
      </symbol>
      <symbol id="sm-121">
         <name>turnOn_LaunchpadLED2Green</name>
         <value>0x7f5</value>
         <object_component_ref idref="oc-19f"/>
      </symbol>
      <symbol id="sm-122">
         <name>checkStatus_BoosterpackS1</name>
         <value>0x765</value>
         <object_component_ref idref="oc-f1"/>
      </symbol>
      <symbol id="sm-123">
         <name>turnOff_LaunchpadLED1</name>
         <value>0x795</value>
         <object_component_ref idref="oc-15b"/>
      </symbol>
      <symbol id="sm-124">
         <name>turnOn_BoosterpackLEDBlue</name>
         <value>0x7c5</value>
         <object_component_ref idref="oc-1b8"/>
      </symbol>
      <symbol id="sm-125">
         <name>turnOn_BoosterpackLEDRed</name>
         <value>0x7dd</value>
         <object_component_ref idref="oc-1ac"/>
      </symbol>
      <symbol id="sm-126">
         <name>turnOff_BoosterpackLEDGreen</name>
         <value>0x77d</value>
         <object_component_ref idref="oc-179"/>
      </symbol>
      <symbol id="sm-127">
         <name>turnOff_LaunchpadLED2Red</name>
         <value>0x7b9</value>
         <object_component_ref idref="oc-161"/>
      </symbol>
      <symbol id="sm-128">
         <name>turnOn_LaunchpadLED2Red</name>
         <value>0x801</value>
         <object_component_ref idref="oc-199"/>
      </symbol>
      <symbol id="sm-129">
         <name>turnOn_LaunchpadLED2Blue</name>
         <value>0x7e9</value>
         <object_component_ref idref="oc-1a5"/>
      </symbol>
      <symbol id="sm-152">
         <name>initTimer</name>
         <value>0x6f1</value>
         <object_component_ref idref="oc-d3"/>
      </symbol>
      <symbol id="sm-153">
         <name>timer1Expired</name>
         <value>0x565</value>
         <object_component_ref idref="oc-eb"/>
      </symbol>
      <symbol id="sm-154">
         <name>timer0Expired</name>
         <value>0x52d</value>
         <object_component_ref idref="oc-e5"/>
      </symbol>
      <symbol id="sm-167">
         <name>SystemInit</name>
         <value>0x20d</value>
         <object_component_ref idref="oc-a8"/>
      </symbol>
      <symbol id="sm-183">
         <name>Reset_Handler</name>
         <value>0x759</value>
         <object_component_ref idref="oc-64"/>
      </symbol>
      <symbol id="sm-184">
         <name>Default_Handler</name>
         <value>0x717</value>
         <object_component_ref idref="oc-6a"/>
      </symbol>
      <symbol id="sm-185">
         <name>interruptVectors</name>
         <value>0x0</value>
         <object_component_ref idref="oc-23"/>
      </symbol>
      <symbol id="sm-1ca">
         <name>GPIO_setOutputHighOnPin</name>
         <value>0x6a1</value>
         <object_component_ref idref="oc-222"/>
      </symbol>
      <symbol id="sm-1cb">
         <name>GPIO_setAsInputPinWithPullUpResistor</name>
         <value>0x3cd</value>
         <object_component_ref idref="oc-14f"/>
      </symbol>
      <symbol id="sm-1cc">
         <name>GPIO_setAsOutputPin</name>
         <value>0x4b5</value>
         <object_component_ref idref="oc-155"/>
      </symbol>
      <symbol id="sm-1cd">
         <name>GPIO_setOutputLowOnPin</name>
         <value>0x6c9</value>
         <object_component_ref idref="oc-212"/>
      </symbol>
      <symbol id="sm-1ce">
         <name>GPIO_getInputPinValue</name>
         <value>0x671</value>
         <object_component_ref idref="oc-1c8"/>
      </symbol>
      <symbol id="sm-200">
         <name>Timer32_startTimer</name>
         <value>0x4f5</value>
         <object_component_ref idref="oc-192"/>
      </symbol>
      <symbol id="sm-201">
         <name>Timer32_setCount</name>
         <value>0x609</value>
         <object_component_ref idref="oc-18c"/>
      </symbol>
      <symbol id="sm-202">
         <name>Timer32_getValue</name>
         <value>0x73d</value>
         <object_component_ref idref="oc-1bf"/>
      </symbol>
      <symbol id="sm-203">
         <name>Timer32_initModule</name>
         <value>0x2fd</value>
         <object_component_ref idref="oc-186"/>
      </symbol>
      <symbol id="sm-20f">
         <name>WDT_A_holdTimer</name>
         <value>0x719</value>
         <object_component_ref idref="oc-148"/>
      </symbol>
      <symbol id="sm-229">
         <name>__TI_decompress_none</name>
         <value>0x74b</value>
         <object_component_ref idref="oc-1a"/>
      </symbol>
      <symbol id="sm-24c">
         <name>__TI_decompress_lzss</name>
         <value>0x365</value>
         <object_component_ref idref="oc-14"/>
      </symbol>
      <symbol id="sm-25f">
         <name>__stack</name>
         <value>0x2000fe00</value>
         <object_component_ref idref="oc-26"/>
      </symbol>
      <symbol id="sm-260">
         <name>_c_int00_noargs</name>
         <value>0x63d</value>
         <object_component_ref idref="oc-52"/>
      </symbol>
      <symbol id="sm-27b">
         <name>memcpy</name>
         <value>0xe5</value>
         <object_component_ref idref="oc-34"/>
      </symbol>
      <symbol id="sm-27c">
         <name>__aeabi_memcpy</name>
         <value>0xe5</value>
         <object_component_ref idref="oc-34"/>
      </symbol>
      <symbol id="sm-27d">
         <name>__aeabi_memcpy8</name>
         <value>0xe5</value>
         <object_component_ref idref="oc-34"/>
      </symbol>
      <symbol id="sm-27e">
         <name>__aeabi_memcpy4</name>
         <value>0xe5</value>
         <object_component_ref idref="oc-34"/>
      </symbol>
      <symbol id="sm-2a7">
         <name>__TI_auto_init_nobinit_nopinit</name>
         <value>0x471</value>
         <object_component_ref idref="oc-10f"/>
      </symbol>
      <symbol id="sm-2b1">
         <name>_system_pre_init</name>
         <value>0x815</value>
         <object_component_ref idref="oc-90"/>
      </symbol>
      <symbol id="sm-2bd">
         <name>C$$EXIT</name>
         <value>0x819</value>
         <object_component_ref idref="oc-103"/>
      </symbol>
      <symbol id="sm-2be">
         <name>abort</name>
         <value>0x819</value>
         <object_component_ref idref="oc-103"/>
      </symbol>
      <symbol id="sm-2c1">
         <name>__TI_static_base__</name>
         <value>0x0</value>
      </symbol>
      <symbol id="sm-2c4">
         <name>__mpu_init</name>
         <value>0x0</value>
      </symbol>
      <symbol id="sm-2c5">
         <name>_system_post_cinit</name>
         <value>0x0</value>
      </symbol>
      <symbol id="sm-2c6">
         <name>NMI_Handler</name>
         <value>0x717</value>
      </symbol>
      <symbol id="sm-2c7">
         <name>HardFault_Handler</name>
         <value>0x717</value>
      </symbol>
      <symbol id="sm-2c8">
         <name>MemManage_Handler</name>
         <value>0x717</value>
      </symbol>
      <symbol id="sm-2c9">
         <name>BusFault_Handler</name>
         <value>0x717</value>
      </symbol>
      <symbol id="sm-2ca">
         <name>UsageFault_Handler</name>
         <value>0x717</value>
      </symbol>
      <symbol id="sm-2cb">
         <name>SVC_Handler</name>
         <value>0x717</value>
      </symbol>
      <symbol id="sm-2cc">
         <name>DebugMon_Handler</name>
         <value>0x717</value>
      </symbol>
      <symbol id="sm-2cd">
         <name>PendSV_Handler</name>
         <value>0x717</value>
      </symbol>
      <symbol id="sm-2ce">
         <name>SysTick_Handler</name>
         <value>0x717</value>
      </symbol>
      <symbol id="sm-2cf">
         <name>PSS_IRQHandler</name>
         <value>0x717</value>
      </symbol>
      <symbol id="sm-2d0">
         <name>CS_IRQHandler</name>
         <value>0x717</value>
      </symbol>
      <symbol id="sm-2d1">
         <name>PCM_IRQHandler</name>
         <value>0x717</value>
      </symbol>
      <symbol id="sm-2d2">
         <name>WDT_A_IRQHandler</name>
         <value>0x717</value>
      </symbol>
      <symbol id="sm-2d3">
         <name>FPU_IRQHandler</name>
         <value>0x717</value>
      </symbol>
      <symbol id="sm-2d4">
         <name>FLCTL_IRQHandler</name>
         <value>0x717</value>
      </symbol>
      <symbol id="sm-2d5">
         <name>COMP_E0_IRQHandler</name>
         <value>0x717</value>
      </symbol>
      <symbol id="sm-2d6">
         <name>COMP_E1_IRQHandler</name>
         <value>0x717</value>
      </symbol>
      <symbol id="sm-2d7">
         <name>TA0_0_IRQHandler</name>
         <value>0x717</value>
      </symbol>
      <symbol id="sm-2d8">
         <name>TA0_N_IRQHandler</name>
         <value>0x717</value>
      </symbol>
      <symbol id="sm-2d9">
         <name>TA1_0_IRQHandler</name>
         <value>0x717</value>
      </symbol>
      <symbol id="sm-2da">
         <name>TA1_N_IRQHandler</name>
         <value>0x717</value>
      </symbol>
      <symbol id="sm-2db">
         <name>TA2_0_IRQHandler</name>
         <value>0x717</value>
      </symbol>
      <symbol id="sm-2dc">
         <name>TA2_N_IRQHandler</name>
         <value>0x717</value>
      </symbol>
      <symbol id="sm-2dd">
         <name>TA3_0_IRQHandler</name>
         <value>0x717</value>
      </symbol>
      <symbol id="sm-2de">
         <name>TA3_N_IRQHandler</name>
         <value>0x717</value>
      </symbol>
      <symbol id="sm-2df">
         <name>EUSCIA0_IRQHandler</name>
         <value>0x717</value>
      </symbol>
      <symbol id="sm-2e0">
         <name>EUSCIA1_IRQHandler</name>
         <value>0x717</value>
      </symbol>
      <symbol id="sm-2e1">
         <name>EUSCIA2_IRQHandler</name>
         <value>0x717</value>
      </symbol>
      <symbol id="sm-2e2">
         <name>EUSCIA3_IRQHandler</name>
         <value>0x717</value>
      </symbol>
      <symbol id="sm-2e3">
         <name>EUSCIB0_IRQHandler</name>
         <value>0x717</value>
      </symbol>
      <symbol id="sm-2e4">
         <name>EUSCIB1_IRQHandler</name>
         <value>0x717</value>
      </symbol>
      <symbol id="sm-2e5">
         <name>EUSCIB2_IRQHandler</name>
         <value>0x717</value>
      </symbol>
      <symbol id="sm-2e6">
         <name>EUSCIB3_IRQHandler</name>
         <value>0x717</value>
      </symbol>
      <symbol id="sm-2e7">
         <name>ADC14_IRQHandler</name>
         <value>0x717</value>
      </symbol>
      <symbol id="sm-2e8">
         <name>T32_INT1_IRQHandler</name>
         <value>0x717</value>
      </symbol>
      <symbol id="sm-2e9">
         <name>T32_INT2_IRQHandler</name>
         <value>0x717</value>
      </symbol>
      <symbol id="sm-2ea">
         <name>T32_INTC_IRQHandler</name>
         <value>0x717</value>
      </symbol>
      <symbol id="sm-2eb">
         <name>AES256_IRQHandler</name>
         <value>0x717</value>
      </symbol>
      <symbol id="sm-2ec">
         <name>RTC_C_IRQHandler</name>
         <value>0x717</value>
      </symbol>
      <symbol id="sm-2ed">
         <name>DMA_ERR_IRQHandler</name>
         <value>0x717</value>
      </symbol>
      <symbol id="sm-2ee">
         <name>DMA_INT3_IRQHandler</name>
         <value>0x717</value>
      </symbol>
      <symbol id="sm-2ef">
         <name>DMA_INT2_IRQHandler</name>
         <value>0x717</value>
      </symbol>
      <symbol id="sm-2f0">
         <name>DMA_INT1_IRQHandler</name>
         <value>0x717</value>
      </symbol>
      <symbol id="sm-2f1">
         <name>DMA_INT0_IRQHandler</name>
         <value>0x717</value>
      </symbol>
      <symbol id="sm-2f2">
         <name>PORT1_IRQHandler</name>
         <value>0x717</value>
      </symbol>
      <symbol id="sm-2f3">
         <name>PORT2_IRQHandler</name>
         <value>0x717</value>
      </symbol>
      <symbol id="sm-2f4">
         <name>PORT3_IRQHandler</name>
         <value>0x717</value>
      </symbol>
      <symbol id="sm-2f5">
         <name>PORT4_IRQHandler</name>
         <value>0x717</value>
      </symbol>
      <symbol id="sm-2f6">
         <name>PORT5_IRQHandler</name>
         <value>0x717</value>
      </symbol>
      <symbol id="sm-2f7">
         <name>PORT6_IRQHandler</name>
         <value>0x717</value>
      </symbol>
   </symbol_table>
   <title>Link successful</title>
</link_info>
