******************************************************************************
                  TI ARM Linker PC v18.12.4                    
******************************************************************************
>> Linked Thu Mar  5 16:02:10 2020

OUTPUT FILE NAME:   <Homework3_Starter.out>
ENTRY POINT SYMBOL: "_c_int00_noargs"  address: 0000063d


MEMORY CONFIGURATION

         name            origin    length      used     unused   attr    fill
----------------------  --------  ---------  --------  --------  ----  --------
  MAIN                  00000000   00040000  00000864  0003f79c  R  X
  INFO                  00200000   00004000  00000000  00004000  R  X
  SRAM_CODE             01000000   00010000  00000209  0000fdf7  RW X
  SRAM_DATA             20000000   00010000  00000209  0000fdf7  RW  


SEGMENT ALLOCATION MAP

run origin  load origin   length   init length attrs members
----------  ----------- ---------- ----------- ----- -------
00000000    00000000    00000868   00000868    r-x
  00000000    00000000    000000e4   000000e4    r-- .intvecs
  000000e4    000000e4    00000738   00000738    r-x .text
  0000081c    0000081c    00000030   00000030    r-- .const
  00000850    00000850    00000018   00000018    r-- .cinit
20000000    20000000    00000009   00000000    rw-
  20000000    20000000    00000009   00000000    rw- .data
2000fe00    2000fe00    00000200   00000000    rw-
  2000fe00    2000fe00    00000200   00000000    rw- .stack


SECTION ALLOCATION MAP

 output                                  attributes/
section   page    origin      length       input sections
--------  ----  ----------  ----------   ----------------
.intvecs   0    00000000    000000e4     
                  00000000    000000e4     startup_msp432p401r_ccs.obj (.intvecs:retain)

.text      0    000000e4    00000738     
                  000000e4    0000009c     rtsv7M4_T_le_v4SPD16_eabi.lib : memcpy_t2.asm.obj (.text)
                  00000180    0000008c     homework3.obj (.text:main)
                  0000020c    00000078     system_msp432p401r.obj (.text:SystemInit)
                  00000284    00000078     myGPIO.obj (.text:initGPIO)
                  000002fc    00000068     msp432p4xx_driverlib.lib : timer32.o (.text:Timer32_initModule)
                  00000364    00000068     rtsv7M4_T_le_v4SPD16_eabi.lib : copy_decompress_lzss.c.obj (.text:decompress:lzss:__TI_decompress_lzss)
                  000003cc    00000058     msp432p4xx_driverlib.lib : gpio.o (.text:GPIO_setAsInputPinWithPullUpResistor)
                  00000424    0000004c     homework3.obj (.text:fsmBoosterpackButtonS1)
                  00000470    00000044     rtsv7M4_T_le_v4SPD16_eabi.lib : autoinit.c.obj (.text:__TI_auto_init_nobinit_nopinit:__TI_auto_init_nobinit_nopinit)
                  000004b4    00000040     msp432p4xx_driverlib.lib : gpio.o (.text:GPIO_setAsOutputPin)
                  000004f4    00000038                              : timer32.o (.text:Timer32_startTimer)
                  0000052c    00000038     myTimer.obj (.text:timer0Expired)
                  00000564    00000038     myTimer.obj (.text:timer1Expired)
                  0000059c    00000036     homework3.obj (.text:changeBoosterpackLED)
                  000005d2    00000036     homework3.obj (.text:changeLaunchpadLED2)
                  00000608    00000034     msp432p4xx_driverlib.lib : timer32.o (.text:Timer32_setCount)
                  0000063c    00000034     rtsv7M4_T_le_v4SPD16_eabi.lib : boot_cortex_m.c.obj (.text:_c_int00_noargs:_c_int00_noargs)
                  00000670    00000030     msp432p4xx_driverlib.lib : gpio.o (.text:GPIO_getInputPinValue)
                  000006a0    00000028                              : gpio.o (.text:GPIO_setOutputHighOnPin)
                  000006c8    00000028                              : gpio.o (.text:GPIO_setOutputLowOnPin)
                  000006f0    00000026     myTimer.obj (.text:initTimer)
                  00000716    00000002     startup_msp432p401r_ccs.obj (.text:Default_Handler)
                  00000718    00000024     msp432p4xx_driverlib.lib : wdt_a.o (.text:WDT_A_holdTimer)
                  0000073c    0000000e                              : timer32.o (.text:Timer32_getValue)
                  0000074a    0000000e     rtsv7M4_T_le_v4SPD16_eabi.lib : copy_decompress_none.c.obj (.text:decompress:none:__TI_decompress_none)
                  00000758    0000000c     startup_msp432p401r_ccs.obj (.text:Reset_Handler)
                  00000764    0000000c     myGPIO.obj (.text:checkStatus_BoosterpackS1)
                  00000770    0000000c     myGPIO.obj (.text:turnOff_BoosterpackLEDBlue)
                  0000077c    0000000c     myGPIO.obj (.text:turnOff_BoosterpackLEDGreen)
                  00000788    0000000c     myGPIO.obj (.text:turnOff_BoosterpackLEDRed)
                  00000794    0000000c     myGPIO.obj (.text:turnOff_LaunchpadLED1)
                  000007a0    0000000c     myGPIO.obj (.text:turnOff_LaunchpadLED2Blue)
                  000007ac    0000000c     myGPIO.obj (.text:turnOff_LaunchpadLED2Green)
                  000007b8    0000000c     myGPIO.obj (.text:turnOff_LaunchpadLED2Red)
                  000007c4    0000000c     myGPIO.obj (.text:turnOn_BoosterpackLEDBlue)
                  000007d0    0000000c     myGPIO.obj (.text:turnOn_BoosterpackLEDGreen)
                  000007dc    0000000c     myGPIO.obj (.text:turnOn_BoosterpackLEDRed)
                  000007e8    0000000c     myGPIO.obj (.text:turnOn_LaunchpadLED2Blue)
                  000007f4    0000000c     myGPIO.obj (.text:turnOn_LaunchpadLED2Green)
                  00000800    0000000c     myGPIO.obj (.text:turnOn_LaunchpadLED2Red)
                  0000080c    00000008     homework3.obj (.text:initBoard)
                  00000814    00000004     rtsv7M4_T_le_v4SPD16_eabi.lib : pre_init.c.obj (.text:_system_pre_init)
                  00000818    00000004                                   : exit.c.obj (.text:abort:abort)

.const     0    0000081c    00000030     
                  0000081c    00000030     msp432p4xx_driverlib.lib : gpio.o (.const:GPIO_PORT_TO_BASE)

.cinit     0    00000850    00000018     
                  00000850    00000008     (.cinit..data.load) [load image, compression = lzss]
                  00000858    00000008     (__TI_handler_table)
                  00000860    00000008     (__TI_cinit_table)

.init_array 
*          0    00000000    00000000     UNINITIALIZED

.binit     0    00000000    00000000     

.data      0    20000000    00000009     UNINITIALIZED
                  20000000    00000008     myTimer.obj (.data)
                  20000008    00000001     homework3.obj (.data)

.stack     0    2000fe00    00000200     UNINITIALIZED
                  2000fe00    00000004     rtsv7M4_T_le_v4SPD16_eabi.lib : boot_cortex_m.c.obj (.stack)
                  2000fe04    000001fc     --HOLE--

MODULE SUMMARY

       Module                        code   ro data   rw data
       ------                        ----   -------   -------
    .\
       homework3.obj                 332    0         2      
       myGPIO.obj                    288    0         0      
       myTimer.obj                   150    0         16     
       system_msp432p401r.obj        120    0         0      
    +--+-----------------------------+------+---------+---------+
       Total:                        890    0         18     
                                                             
    .\ccs\
       startup_msp432p401r_ccs.obj   14     228       0      
    +--+-----------------------------+------+---------+---------+
       Total:                        14     228       0      
                                                             
    C:/ti/simplelink_msp432p4_sdk_3_40_01_02/source/ti/devices/msp432p4xx/driverlib/ccs/msp432p4xx_driverlib.lib
       gpio.o                        280    48        0      
       timer32.o                     226    0         0      
       wdt_a.o                       36     0         0      
    +--+-----------------------------+------+---------+---------+
       Total:                        542    48        0      
                                                             
    C:\ti\ccs930\ccs\tools\compiler\ti-cgt-arm_18.12.4.LTS\lib\rtsv7M4_T_le_v4SPD16_eabi.lib
       memcpy_t2.asm.obj             156    0         0      
       copy_decompress_lzss.c.obj    104    0         0      
       autoinit.c.obj                68     0         0      
       boot_cortex_m.c.obj           52     0         0      
       copy_decompress_none.c.obj    14     0         0      
       exit.c.obj                    4      0         0      
       pre_init.c.obj                4      0         0      
    +--+-----------------------------+------+---------+---------+
       Total:                        402    0         0      
                                                             
       Stack:                        0      0         1024   
       Linker Generated:             0      24        0      
    +--+-----------------------------+------+---------+---------+
       Grand Total:                  1848   300       1042   


LINKER GENERATED COPY TABLES

__TI_cinit_table @ 00000860 records: 1, size/record: 8, table size: 8
	.data: load addr=00000850, load size=00000008 bytes, run addr=20000000, run size=00000009 bytes, compression=lzss


LINKER GENERATED HANDLER TABLE

__TI_handler_table @ 00000858 records: 2, size/record: 4, table size: 8
	index: 0, handler: __TI_decompress_lzss
	index: 1, handler: __TI_decompress_none


GLOBAL SYMBOLS: SORTED ALPHABETICALLY BY Name 

address   name                                
-------   ----                                
00000717  ADC14_IRQHandler                    
00000717  AES256_IRQHandler                   
00000717  BusFault_Handler                    
00000819  C$$EXIT                             
00000717  COMP_E0_IRQHandler                  
00000717  COMP_E1_IRQHandler                  
00000717  CS_IRQHandler                       
00000717  DMA_ERR_IRQHandler                  
00000717  DMA_INT0_IRQHandler                 
00000717  DMA_INT1_IRQHandler                 
00000717  DMA_INT2_IRQHandler                 
00000717  DMA_INT3_IRQHandler                 
00000717  DebugMon_Handler                    
00000717  Default_Handler                     
00000717  EUSCIA0_IRQHandler                  
00000717  EUSCIA1_IRQHandler                  
00000717  EUSCIA2_IRQHandler                  
00000717  EUSCIA3_IRQHandler                  
00000717  EUSCIB0_IRQHandler                  
00000717  EUSCIB1_IRQHandler                  
00000717  EUSCIB2_IRQHandler                  
00000717  EUSCIB3_IRQHandler                  
00000717  FLCTL_IRQHandler                    
00000717  FPU_IRQHandler                      
00000671  GPIO_getInputPinValue               
000003cd  GPIO_setAsInputPinWithPullUpResistor
000004b5  GPIO_setAsOutputPin                 
000006a1  GPIO_setOutputHighOnPin             
000006c9  GPIO_setOutputLowOnPin              
00000717  HardFault_Handler                   
00000717  MemManage_Handler                   
00000717  NMI_Handler                         
00000717  PCM_IRQHandler                      
00000717  PORT1_IRQHandler                    
00000717  PORT2_IRQHandler                    
00000717  PORT3_IRQHandler                    
00000717  PORT4_IRQHandler                    
00000717  PORT5_IRQHandler                    
00000717  PORT6_IRQHandler                    
00000717  PSS_IRQHandler                      
00000717  PendSV_Handler                      
00000717  RTC_C_IRQHandler                    
00000759  Reset_Handler                       
00000717  SVC_Handler                         
00000717  SysTick_Handler                     
0000020d  SystemInit                          
00000717  T32_INT1_IRQHandler                 
00000717  T32_INT2_IRQHandler                 
00000717  T32_INTC_IRQHandler                 
00000717  TA0_0_IRQHandler                    
00000717  TA0_N_IRQHandler                    
00000717  TA1_0_IRQHandler                    
00000717  TA1_N_IRQHandler                    
00000717  TA2_0_IRQHandler                    
00000717  TA2_N_IRQHandler                    
00000717  TA3_0_IRQHandler                    
00000717  TA3_N_IRQHandler                    
0000073d  Timer32_getValue                    
000002fd  Timer32_initModule                  
00000609  Timer32_setCount                    
000004f5  Timer32_startTimer                  
00000717  UsageFault_Handler                  
4000480c  WDTCTL_SYM                          
00000717  WDT_A_IRQHandler                    
00000719  WDT_A_holdTimer                     
20010000  __STACK_END                         
00000200  __STACK_SIZE                        
00000860  __TI_CINIT_Base                     
00000868  __TI_CINIT_Limit                    
00000858  __TI_Handler_Table_Base             
00000860  __TI_Handler_Table_Limit            
00000471  __TI_auto_init_nobinit_nopinit      
00000365  __TI_decompress_lzss                
0000074b  __TI_decompress_none                
ffffffff  __TI_pprof_out_hndl                 
ffffffff  __TI_prof_data_size                 
ffffffff  __TI_prof_data_start                
00000000  __TI_static_base__                  
000000e5  __aeabi_memcpy                      
000000e5  __aeabi_memcpy4                     
000000e5  __aeabi_memcpy8                     
ffffffff  __binit__                           
ffffffff  __c_args__                          
UNDEFED   __mpu_init                          
2000fe00  __stack                             
0000063d  _c_int00_noargs                     
UNDEFED   _system_post_cinit                  
00000815  _system_pre_init                    
00000819  abort                               
ffffffff  binit                               
0000059d  changeBoosterpackLED                
000005d3  changeLaunchpadLED2                 
00000765  checkStatus_BoosterpackS1           
00000425  fsmBoosterpackButtonS1              
0000080d  initBoard                           
00000285  initGPIO                            
000006f1  initTimer                           
00000000  interruptVectors                    
00000181  main                                
000000e5  memcpy                              
0000052d  timer0Expired                       
00000565  timer1Expired                       
00000771  turnOff_BoosterpackLEDBlue          
0000077d  turnOff_BoosterpackLEDGreen         
00000789  turnOff_BoosterpackLEDRed           
00000795  turnOff_LaunchpadLED1               
000007a1  turnOff_LaunchpadLED2Blue           
000007ad  turnOff_LaunchpadLED2Green          
000007b9  turnOff_LaunchpadLED2Red            
000007c5  turnOn_BoosterpackLEDBlue           
000007d1  turnOn_BoosterpackLEDGreen          
000007dd  turnOn_BoosterpackLEDRed            
000007e9  turnOn_LaunchpadLED2Blue            
000007f5  turnOn_LaunchpadLED2Green           
00000801  turnOn_LaunchpadLED2Red             


GLOBAL SYMBOLS: SORTED BY Symbol Address 

address   name                                
-------   ----                                
00000000  __TI_static_base__                  
00000000  interruptVectors                    
000000e5  __aeabi_memcpy                      
000000e5  __aeabi_memcpy4                     
000000e5  __aeabi_memcpy8                     
000000e5  memcpy                              
00000181  main                                
00000200  __STACK_SIZE                        
0000020d  SystemInit                          
00000285  initGPIO                            
000002fd  Timer32_initModule                  
00000365  __TI_decompress_lzss                
000003cd  GPIO_setAsInputPinWithPullUpResistor
00000425  fsmBoosterpackButtonS1              
00000471  __TI_auto_init_nobinit_nopinit      
000004b5  GPIO_setAsOutputPin                 
000004f5  Timer32_startTimer                  
0000052d  timer0Expired                       
00000565  timer1Expired                       
0000059d  changeBoosterpackLED                
000005d3  changeLaunchpadLED2                 
00000609  Timer32_setCount                    
0000063d  _c_int00_noargs                     
00000671  GPIO_getInputPinValue               
000006a1  GPIO_setOutputHighOnPin             
000006c9  GPIO_setOutputLowOnPin              
000006f1  initTimer                           
00000717  ADC14_IRQHandler                    
00000717  AES256_IRQHandler                   
00000717  BusFault_Handler                    
00000717  COMP_E0_IRQHandler                  
00000717  COMP_E1_IRQHandler                  
00000717  CS_IRQHandler                       
00000717  DMA_ERR_IRQHandler                  
00000717  DMA_INT0_IRQHandler                 
00000717  DMA_INT1_IRQHandler                 
00000717  DMA_INT2_IRQHandler                 
00000717  DMA_INT3_IRQHandler                 
00000717  DebugMon_Handler                    
00000717  Default_Handler                     
00000717  EUSCIA0_IRQHandler                  
00000717  EUSCIA1_IRQHandler                  
00000717  EUSCIA2_IRQHandler                  
00000717  EUSCIA3_IRQHandler                  
00000717  EUSCIB0_IRQHandler                  
00000717  EUSCIB1_IRQHandler                  
00000717  EUSCIB2_IRQHandler                  
00000717  EUSCIB3_IRQHandler                  
00000717  FLCTL_IRQHandler                    
00000717  FPU_IRQHandler                      
00000717  HardFault_Handler                   
00000717  MemManage_Handler                   
00000717  NMI_Handler                         
00000717  PCM_IRQHandler                      
00000717  PORT1_IRQHandler                    
00000717  PORT2_IRQHandler                    
00000717  PORT3_IRQHandler                    
00000717  PORT4_IRQHandler                    
00000717  PORT5_IRQHandler                    
00000717  PORT6_IRQHandler                    
00000717  PSS_IRQHandler                      
00000717  PendSV_Handler                      
00000717  RTC_C_IRQHandler                    
00000717  SVC_Handler                         
00000717  SysTick_Handler                     
00000717  T32_INT1_IRQHandler                 
00000717  T32_INT2_IRQHandler                 
00000717  T32_INTC_IRQHandler                 
00000717  TA0_0_IRQHandler                    
00000717  TA0_N_IRQHandler                    
00000717  TA1_0_IRQHandler                    
00000717  TA1_N_IRQHandler                    
00000717  TA2_0_IRQHandler                    
00000717  TA2_N_IRQHandler                    
00000717  TA3_0_IRQHandler                    
00000717  TA3_N_IRQHandler                    
00000717  UsageFault_Handler                  
00000717  WDT_A_IRQHandler                    
00000719  WDT_A_holdTimer                     
0000073d  Timer32_getValue                    
0000074b  __TI_decompress_none                
00000759  Reset_Handler                       
00000765  checkStatus_BoosterpackS1           
00000771  turnOff_BoosterpackLEDBlue          
0000077d  turnOff_BoosterpackLEDGreen         
00000789  turnOff_BoosterpackLEDRed           
00000795  turnOff_LaunchpadLED1               
000007a1  turnOff_LaunchpadLED2Blue           
000007ad  turnOff_LaunchpadLED2Green          
000007b9  turnOff_LaunchpadLED2Red            
000007c5  turnOn_BoosterpackLEDBlue           
000007d1  turnOn_BoosterpackLEDGreen          
000007dd  turnOn_BoosterpackLEDRed            
000007e9  turnOn_LaunchpadLED2Blue            
000007f5  turnOn_LaunchpadLED2Green           
00000801  turnOn_LaunchpadLED2Red             
0000080d  initBoard                           
00000815  _system_pre_init                    
00000819  C$$EXIT                             
00000819  abort                               
00000858  __TI_Handler_Table_Base             
00000860  __TI_CINIT_Base                     
00000860  __TI_Handler_Table_Limit            
00000868  __TI_CINIT_Limit                    
2000fe00  __stack                             
20010000  __STACK_END                         
4000480c  WDTCTL_SYM                          
ffffffff  __TI_pprof_out_hndl                 
ffffffff  __TI_prof_data_size                 
ffffffff  __TI_prof_data_start                
ffffffff  __binit__                           
ffffffff  __c_args__                          
ffffffff  binit                               
UNDEFED   __mpu_init                          
UNDEFED   _system_post_cinit                  

[115 symbols]
